-- Logs begin at Mon 2019-10-14 01:12:43 CEST, end at Fri 2019-10-18 21:45:11 CEST. --
Oct 18 21:38:22 archlnx kernel: Linux version 5.3.7-arch1-1-ARCH (builduser@heftig-2611250) (gcc version 9.2.0 (GCC)) #1 SMP PREEMPT Fri Oct 18 00:17:03 UTC 2019
Oct 18 21:38:22 archlnx kernel: Command line: BOOT_IMAGE=/vmlinuz-linux root=/dev/mapper/MyVolGroup-root rw cryptdevice=UUID=8090c2bf-399a-4f00-b365-6bb7a36302d4:cryptlvm:allow-discards root=/dev/MyVolGroup/root acpi_backlight=native loglevel=3 quiet
Oct 18 21:38:22 archlnx kernel: KERNEL supported cpus:
Oct 18 21:38:22 archlnx kernel:   Intel GenuineIntel
Oct 18 21:38:22 archlnx kernel:   AMD AuthenticAMD
Oct 18 21:38:22 archlnx kernel:   Hygon HygonGenuine
Oct 18 21:38:22 archlnx kernel:   Centaur CentaurHauls
Oct 18 21:38:22 archlnx kernel:   zhaoxin   Shanghai  
Oct 18 21:38:22 archlnx kernel: [Firmware Info]: CPU: Re-enabling disabled Topology Extensions Support.
Oct 18 21:38:22 archlnx kernel: random: get_random_u32 called from bsp_init_amd+0x278/0x330 with crng_init=0
Oct 18 21:38:22 archlnx kernel: x86/fpu: Supporting XSAVE feature 0x001: 'x87 floating point registers'
Oct 18 21:38:22 archlnx kernel: x86/fpu: Supporting XSAVE feature 0x002: 'SSE registers'
Oct 18 21:38:22 archlnx kernel: x86/fpu: Supporting XSAVE feature 0x004: 'AVX registers'
Oct 18 21:38:22 archlnx kernel: x86/fpu: xstate_offset[2]:  576, xstate_sizes[2]:  256
Oct 18 21:38:22 archlnx kernel: x86/fpu: Enabled xstate features 0x7, context size is 832 bytes, using 'standard' format.
Oct 18 21:38:22 archlnx kernel: BIOS-provided physical RAM map:
Oct 18 21:38:22 archlnx kernel: BIOS-e820: [mem 0x0000000000000000-0x0000000000086fff] usable
Oct 18 21:38:22 archlnx kernel: BIOS-e820: [mem 0x0000000000087000-0x0000000000087fff] ACPI NVS
Oct 18 21:38:22 archlnx kernel: BIOS-e820: [mem 0x0000000000088000-0x000000000009efff] usable
Oct 18 21:38:22 archlnx kernel: BIOS-e820: [mem 0x000000000009f000-0x000000000009ffff] reserved
Oct 18 21:38:22 archlnx kernel: BIOS-e820: [mem 0x0000000000100000-0x000000008bbfafff] usable
Oct 18 21:38:22 archlnx kernel: BIOS-e820: [mem 0x000000008bbfb000-0x000000008bdfafff] type 20
Oct 18 21:38:22 archlnx kernel: BIOS-e820: [mem 0x000000008bdfb000-0x000000008eafafff] reserved
Oct 18 21:38:22 archlnx kernel: BIOS-e820: [mem 0x000000008eafb000-0x000000008ec7afff] ACPI NVS
Oct 18 21:38:22 archlnx kernel: BIOS-e820: [mem 0x000000008ec7b000-0x000000008ecfafff] ACPI data
Oct 18 21:38:22 archlnx kernel: BIOS-e820: [mem 0x000000008ecfb000-0x000000008fbfffff] usable
Oct 18 21:38:22 archlnx kernel: BIOS-e820: [mem 0x00000000fed80000-0x00000000fed80fff] reserved
Oct 18 21:38:22 archlnx kernel: BIOS-e820: [mem 0x0000000100000000-0x000000022effffff] usable
Oct 18 21:38:22 archlnx kernel: NX (Execute Disable) protection: active
Oct 18 21:38:22 archlnx kernel: efi: EFI v2.31 by Phoenix Technologies Ltd.
Oct 18 21:38:22 archlnx kernel: efi:  ACPI=0x8ecfa000  ACPI 2.0=0x8ecfa014  SMBIOS=0x8eaec000  ESRT=0x8d2bd000 
Oct 18 21:38:22 archlnx kernel: SMBIOS 2.7 present.
Oct 18 21:38:22 archlnx kernel: DMI: LENOVO 80EC/Lancer 5B3, BIOS A4CN42WW (V 2.11) 07/27/2016
Oct 18 21:38:22 archlnx kernel: tsc: Fast TSC calibration using PIT
Oct 18 21:38:22 archlnx kernel: tsc: Detected 2096.119 MHz processor
Oct 18 21:38:22 archlnx kernel: e820: update [mem 0x00000000-0x00000fff] usable ==> reserved
Oct 18 21:38:22 archlnx kernel: e820: remove [mem 0x000a0000-0x000fffff] usable
Oct 18 21:38:22 archlnx kernel: last_pfn = 0x22f000 max_arch_pfn = 0x400000000
Oct 18 21:38:22 archlnx kernel: MTRR default type: uncachable
Oct 18 21:38:22 archlnx kernel: MTRR fixed ranges enabled:
Oct 18 21:38:22 archlnx kernel:   00000-9FFFF write-back
Oct 18 21:38:22 archlnx kernel:   A0000-DFFFF uncachable
Oct 18 21:38:22 archlnx kernel:   E0000-FFFFF write-protect
Oct 18 21:38:22 archlnx kernel: MTRR variable ranges enabled:
Oct 18 21:38:22 archlnx kernel:   0 base 000000000000 mask FFFF80000000 write-back
Oct 18 21:38:22 archlnx kernel:   1 base 000080000000 mask FFFFF0000000 write-back
Oct 18 21:38:22 archlnx kernel:   2 base 0000FF800000 mask FFFFFF800000 write-protect
Oct 18 21:38:22 archlnx kernel:   3 base 0000FED80000 mask FFFFFFFFF000 uncachable
Oct 18 21:38:22 archlnx kernel:   4 disabled
Oct 18 21:38:22 archlnx kernel:   5 disabled
Oct 18 21:38:22 archlnx kernel:   6 disabled
Oct 18 21:38:22 archlnx kernel:   7 disabled
Oct 18 21:38:22 archlnx kernel: TOM2: 000000022f000000 aka 8944M
Oct 18 21:38:22 archlnx kernel: x86/PAT: Configuration [0-7]: WB  WC  UC- UC  WB  WP  UC- WT  
Oct 18 21:38:22 archlnx kernel: last_pfn = 0x8fc00 max_arch_pfn = 0x400000000
Oct 18 21:38:22 archlnx kernel: esrt: Reserving ESRT space from 0x000000008d2bd000 to 0x000000008d2bd038.
Oct 18 21:38:22 archlnx kernel: check: Scanning 1 areas for low memory corruption
Oct 18 21:38:22 archlnx kernel: Using GB pages for direct mapping
Oct 18 21:38:22 archlnx kernel: BRK [0x43801000, 0x43801fff] PGTABLE
Oct 18 21:38:22 archlnx kernel: BRK [0x43802000, 0x43802fff] PGTABLE
Oct 18 21:38:22 archlnx kernel: BRK [0x43803000, 0x43803fff] PGTABLE
Oct 18 21:38:22 archlnx kernel: BRK [0x43804000, 0x43804fff] PGTABLE
Oct 18 21:38:22 archlnx kernel: BRK [0x43805000, 0x43805fff] PGTABLE
Oct 18 21:38:22 archlnx kernel: BRK [0x43806000, 0x43806fff] PGTABLE
Oct 18 21:38:22 archlnx kernel: Secure boot could not be determined
Oct 18 21:38:22 archlnx kernel: RAMDISK: [mem 0x35691000-0x36b3ffff]
Oct 18 21:38:22 archlnx kernel: ACPI: Early table checksum verification disabled
Oct 18 21:38:22 archlnx kernel: ACPI: RSDP 0x000000008ECFA014 000024 (v02 LENOVO)
Oct 18 21:38:22 archlnx kernel: ACPI: XSDT 0x000000008ECFA200 0000D4 (v01 LENOVO CB-01    00000002 PTEC 00000002)
Oct 18 21:38:22 archlnx kernel: ACPI: FACP 0x000000008ECF6000 00010C (v05 LENOVO CB-01    00000002 PTEC 00000002)
Oct 18 21:38:22 archlnx kernel: ACPI: DSDT 0x000000008ECEC000 005A36 (v01 LENOVO CB-01    00001000 INTL 20110316)
Oct 18 21:38:22 archlnx kernel: ACPI: FACS 0x000000008EC42000 000040
Oct 18 21:38:22 archlnx kernel: ACPI: SSDT 0x000000008ECF8000 001E42 (v01 LENOVO OEMTABLE 00001000 INTL 20110316)
Oct 18 21:38:22 archlnx kernel: ACPI: HPET 0x000000008ECF5000 000038 (v01 LENOVO CB-01    00000002 PTEC 00000002)
Oct 18 21:38:22 archlnx kernel: ACPI: APIC 0x000000008ECF4000 000090 (v02 LENOVO CB-01    00000002 PTEC 00000002)
Oct 18 21:38:22 archlnx kernel: ACPI: MCFG 0x000000008ECF3000 00003C (v01 LENOVO CB-01    00000002 PTEC 00000002)
Oct 18 21:38:22 archlnx kernel: ACPI: SBST 0x000000008ECF2000 000030 (v01 LENOVO CB-01    00000002 PTEC 00000002)
Oct 18 21:38:22 archlnx kernel: ACPI: FPDT 0x000000008ECEB000 000044 (v01 LENOVO CB-01    00000002 PTEC 00000002)
Oct 18 21:38:22 archlnx kernel: ACPI: SLIC 0x000000008ECEA000 000176 (v01 LENOVO CB-01    00000002 PTEC 00000002)
Oct 18 21:38:22 archlnx kernel: ACPI: UEFI 0x000000008ECE9000 000042 (v01 LENOVO CB-01    00000002 PTEC 00000002)
Oct 18 21:38:22 archlnx kernel: ACPI: MSDM 0x000000008EC3E000 000055 (v03 LENOVO CB-01    00000002 PTEC 00000002)
Oct 18 21:38:22 archlnx kernel: ACPI: BATB 0x000000008ECE8000 000046 (v01 LENOVO CB-01    00000002 PTEC 00000002)
Oct 18 21:38:22 archlnx kernel: ACPI: SSDT 0x000000008ECE7000 000B9C (v01 LENOVO CB-01    00000001 AMD  00000001)
Oct 18 21:38:22 archlnx kernel: ACPI: SSDT 0x000000008ECDD000 009AC7 (v02 LENOVO CB-01    00000002 MSFT 04000000)
Oct 18 21:38:22 archlnx kernel: ACPI: VFCT 0x000000008ECCD000 00F684 (v01 LENOVO CB-01    00000002 PTEC 00000002)
Oct 18 21:38:22 archlnx kernel: ACPI: UEFI 0x000000008ECCC000 000242 (v01 LENOVO CB-01    00000002 PTEC 00000002)
Oct 18 21:38:22 archlnx kernel: ACPI: SSDT 0x000000008ECCB000 000170 (v01 LENOVO CB-01    00000001 INTL 20110316)
Oct 18 21:38:22 archlnx kernel: ACPI: SSDT 0x000000008ECCA000 000418 (v01 LENOVO CB-01    00000001 INTL 20110316)
Oct 18 21:38:22 archlnx kernel: ACPI: SSDT 0x000000008ECC8000 00144A (v01 LENOVO CB-01    00000001 INTL 20110316)
Oct 18 21:38:22 archlnx kernel: ACPI: SSDT 0x000000008ECC7000 00082B (v01 LENOVO CB-01    00000001 INTL 20110316)
Oct 18 21:38:22 archlnx kernel: ACPI: SSDT 0x000000008ECC5000 001138 (v01 LENOVO CB-01    00000001 INTL 20110316)
Oct 18 21:38:22 archlnx kernel: ACPI: BGRT 0x000000008ECC4000 000038 (v01 LENOVO CB-01    00000002 PTEC 00000002)
Oct 18 21:38:22 archlnx kernel: ACPI: SSDT 0x000000008ECC3000 000FB4 (v01 LENOVO CB-01    00000001 INTL 20110316)
Oct 18 21:38:22 archlnx kernel: ACPI: Local APIC address 0xfee00000
Oct 18 21:38:22 archlnx kernel: No NUMA configuration found
Oct 18 21:38:22 archlnx kernel: Faking a node at [mem 0x0000000000000000-0x000000022effffff]
Oct 18 21:38:22 archlnx kernel: NODE_DATA(0) allocated [mem 0x22effa000-0x22effdfff]
Oct 18 21:38:22 archlnx kernel: Zone ranges:
Oct 18 21:38:22 archlnx kernel:   DMA      [mem 0x0000000000001000-0x0000000000ffffff]
Oct 18 21:38:22 archlnx kernel:   DMA32    [mem 0x0000000001000000-0x00000000ffffffff]
Oct 18 21:38:22 archlnx kernel:   Normal   [mem 0x0000000100000000-0x000000022effffff]
Oct 18 21:38:22 archlnx kernel:   Device   empty
Oct 18 21:38:22 archlnx kernel: Movable zone start for each node
Oct 18 21:38:22 archlnx kernel: Early memory node ranges
Oct 18 21:38:22 archlnx kernel:   node   0: [mem 0x0000000000001000-0x0000000000086fff]
Oct 18 21:38:22 archlnx kernel:   node   0: [mem 0x0000000000088000-0x000000000009efff]
Oct 18 21:38:22 archlnx kernel:   node   0: [mem 0x0000000000100000-0x000000008bbfafff]
Oct 18 21:38:22 archlnx kernel:   node   0: [mem 0x000000008ecfb000-0x000000008fbfffff]
Oct 18 21:38:22 archlnx kernel:   node   0: [mem 0x0000000100000000-0x000000022effffff]
Oct 18 21:38:22 archlnx kernel: Zeroed struct page in unavailable ranges: 13667 pages
Oct 18 21:38:22 archlnx kernel: Initmem setup node 0 [mem 0x0000000000001000-0x000000022effffff]
Oct 18 21:38:22 archlnx kernel: On node 0 totalpages: 1817245
Oct 18 21:38:22 archlnx kernel:   DMA zone: 64 pages used for memmap
Oct 18 21:38:22 archlnx kernel:   DMA zone: 22 pages reserved
Oct 18 21:38:22 archlnx kernel:   DMA zone: 3997 pages, LIFO batch:0
Oct 18 21:38:22 archlnx kernel:   DMA32 zone: 8940 pages used for memmap
Oct 18 21:38:22 archlnx kernel:   DMA32 zone: 572160 pages, LIFO batch:63
Oct 18 21:38:22 archlnx kernel:   Normal zone: 19392 pages used for memmap
Oct 18 21:38:22 archlnx kernel:   Normal zone: 1241088 pages, LIFO batch:63
Oct 18 21:38:22 archlnx kernel: ACPI: PM-Timer IO Port: 0x808
Oct 18 21:38:22 archlnx kernel: ACPI: Local APIC address 0xfee00000
Oct 18 21:38:22 archlnx kernel: ACPI: LAPIC_NMI (acpi_id[0x00] high edge lint[0x1])
Oct 18 21:38:22 archlnx kernel: ACPI: LAPIC_NMI (acpi_id[0x01] high edge lint[0x1])
Oct 18 21:38:22 archlnx kernel: ACPI: LAPIC_NMI (acpi_id[0x02] high edge lint[0x1])
Oct 18 21:38:22 archlnx kernel: ACPI: LAPIC_NMI (acpi_id[0x03] high edge lint[0x1])
Oct 18 21:38:22 archlnx kernel: IOAPIC[0]: apic_id 4, version 33, address 0xfec00000, GSI 0-23
Oct 18 21:38:22 archlnx kernel: IOAPIC[1]: apic_id 5, version 33, address 0xfec20000, GSI 24-55
Oct 18 21:38:22 archlnx kernel: ACPI: INT_SRC_OVR (bus 0 bus_irq 0 global_irq 2 dfl dfl)
Oct 18 21:38:22 archlnx kernel: ACPI: INT_SRC_OVR (bus 0 bus_irq 9 global_irq 9 low level)
Oct 18 21:38:22 archlnx kernel: ACPI: IRQ0 used by override.
Oct 18 21:38:22 archlnx kernel: ACPI: IRQ9 used by override.
Oct 18 21:38:22 archlnx kernel: Using ACPI (MADT) for SMP configuration information
Oct 18 21:38:22 archlnx kernel: ACPI: HPET id: 0x43538210 base: 0xfed00000
Oct 18 21:38:22 archlnx kernel: smpboot: Allowing 4 CPUs, 0 hotplug CPUs
Oct 18 21:38:22 archlnx kernel: PM: Registered nosave memory: [mem 0x00000000-0x00000fff]
Oct 18 21:38:22 archlnx kernel: PM: Registered nosave memory: [mem 0x00087000-0x00087fff]
Oct 18 21:38:22 archlnx kernel: PM: Registered nosave memory: [mem 0x0009f000-0x0009ffff]
Oct 18 21:38:22 archlnx kernel: PM: Registered nosave memory: [mem 0x000a0000-0x000fffff]
Oct 18 21:38:22 archlnx kernel: PM: Registered nosave memory: [mem 0x8bbfb000-0x8bdfafff]
Oct 18 21:38:22 archlnx kernel: PM: Registered nosave memory: [mem 0x8bdfb000-0x8eafafff]
Oct 18 21:38:22 archlnx kernel: PM: Registered nosave memory: [mem 0x8eafb000-0x8ec7afff]
Oct 18 21:38:22 archlnx kernel: PM: Registered nosave memory: [mem 0x8ec7b000-0x8ecfafff]
Oct 18 21:38:22 archlnx kernel: PM: Registered nosave memory: [mem 0x8fc00000-0xfed7ffff]
Oct 18 21:38:22 archlnx kernel: PM: Registered nosave memory: [mem 0xfed80000-0xfed80fff]
Oct 18 21:38:22 archlnx kernel: PM: Registered nosave memory: [mem 0xfed81000-0xffffffff]
Oct 18 21:38:22 archlnx kernel: [mem 0x8fc00000-0xfed7ffff] available for PCI devices
Oct 18 21:38:22 archlnx kernel: Booting paravirtualized kernel on bare hardware
Oct 18 21:38:22 archlnx kernel: clocksource: refined-jiffies: mask: 0xffffffff max_cycles: 0xffffffff, max_idle_ns: 6370452778343963 ns
Oct 18 21:38:22 archlnx kernel: setup_percpu: NR_CPUS:320 nr_cpumask_bits:320 nr_cpu_ids:4 nr_node_ids:1
Oct 18 21:38:22 archlnx kernel: percpu: Embedded 54 pages/cpu s184320 r8192 d28672 u524288
Oct 18 21:38:22 archlnx kernel: pcpu-alloc: s184320 r8192 d28672 u524288 alloc=1*2097152
Oct 18 21:38:22 archlnx kernel: pcpu-alloc: [0] 0 1 2 3 
Oct 18 21:38:22 archlnx kernel: Built 1 zonelists, mobility grouping on.  Total pages: 1788827
Oct 18 21:38:22 archlnx kernel: Policy zone: Normal
Oct 18 21:38:22 archlnx kernel: Kernel command line: BOOT_IMAGE=/vmlinuz-linux root=/dev/mapper/MyVolGroup-root rw cryptdevice=UUID=8090c2bf-399a-4f00-b365-6bb7a36302d4:cryptlvm:allow-discards root=/dev/MyVolGroup/root acpi_backlight=native loglevel=3 quiet
Oct 18 21:38:22 archlnx kernel: Dentry cache hash table entries: 1048576 (order: 11, 8388608 bytes, linear)
Oct 18 21:38:22 archlnx kernel: Inode-cache hash table entries: 524288 (order: 10, 4194304 bytes, linear)
Oct 18 21:38:22 archlnx kernel: mem auto-init: stack:byref_all, heap alloc:off, heap free:off
Oct 18 21:38:22 archlnx kernel: Calgary: detecting Calgary via BIOS EBDA area
Oct 18 21:38:22 archlnx kernel: Calgary: Unable to locate Rio Grande table in EBDA - bailing!
Oct 18 21:38:22 archlnx kernel: Memory: 6962948K/7268980K available (12291K kernel code, 1321K rwdata, 3952K rodata, 1632K init, 3548K bss, 306032K reserved, 0K cma-reserved)
Oct 18 21:38:22 archlnx kernel: SLUB: HWalign=64, Order=0-3, MinObjects=0, CPUs=4, Nodes=1
Oct 18 21:38:22 archlnx kernel: ftrace: allocating 37808 entries in 148 pages
Oct 18 21:38:22 archlnx kernel: rcu: Preemptible hierarchical RCU implementation.
Oct 18 21:38:22 archlnx kernel: rcu:         CONFIG_RCU_FANOUT set to non-default value of 32.
Oct 18 21:38:22 archlnx kernel: rcu:         RCU dyntick-idle grace-period acceleration is enabled.
Oct 18 21:38:22 archlnx kernel: rcu:         RCU restricting CPUs from NR_CPUS=320 to nr_cpu_ids=4.
Oct 18 21:38:22 archlnx kernel: rcu:         RCU priority boosting: priority 1 delay 500 ms.
Oct 18 21:38:22 archlnx kernel:         Tasks RCU enabled.
Oct 18 21:38:22 archlnx kernel: rcu: RCU calculated value of scheduler-enlistment delay is 30 jiffies.
Oct 18 21:38:22 archlnx kernel: rcu: Adjusting geometry for rcu_fanout_leaf=16, nr_cpu_ids=4
Oct 18 21:38:22 archlnx kernel: NR_IRQS: 20736, nr_irqs: 1000, preallocated irqs: 16
Oct 18 21:38:22 archlnx kernel: rcu:         Offload RCU callbacks from CPUs: (none).
Oct 18 21:38:22 archlnx kernel: Console: colour dummy device 80x25
Oct 18 21:38:22 archlnx kernel: printk: console [tty0] enabled
Oct 18 21:38:22 archlnx kernel: ACPI: Core revision 20190703
Oct 18 21:38:22 archlnx kernel: clocksource: hpet: mask: 0xffffffff max_cycles: 0xffffffff, max_idle_ns: 133484873504 ns
Oct 18 21:38:22 archlnx kernel: APIC: Switch to symmetric I/O mode setup
Oct 18 21:38:22 archlnx kernel: ..TIMER: vector=0x30 apic1=0 pin1=2 apic2=-1 pin2=-1
Oct 18 21:38:22 archlnx kernel: clocksource: tsc-early: mask: 0xffffffffffffffff max_cycles: 0x1e36de3d767, max_idle_ns: 440795283516 ns
Oct 18 21:38:22 archlnx kernel: Calibrating delay loop (skipped), value calculated using timer frequency.. 4193.91 BogoMIPS (lpj=6987063)
Oct 18 21:38:22 archlnx kernel: pid_max: default: 32768 minimum: 301
Oct 18 21:38:22 archlnx kernel: LSM: Security Framework initializing
Oct 18 21:38:22 archlnx kernel: Yama: becoming mindful.
Oct 18 21:38:22 archlnx kernel: Mount-cache hash table entries: 16384 (order: 5, 131072 bytes, linear)
Oct 18 21:38:22 archlnx kernel: Mountpoint-cache hash table entries: 16384 (order: 5, 131072 bytes, linear)
Oct 18 21:38:22 archlnx kernel: *** VALIDATE proc ***
Oct 18 21:38:22 archlnx kernel: *** VALIDATE cgroup1 ***
Oct 18 21:38:22 archlnx kernel: *** VALIDATE cgroup2 ***
Oct 18 21:38:22 archlnx kernel: LVT offset 1 assigned for vector 0xf9
Oct 18 21:38:22 archlnx kernel: Last level iTLB entries: 4KB 512, 2MB 1024, 4MB 512
Oct 18 21:38:22 archlnx kernel: Last level dTLB entries: 4KB 1024, 2MB 1024, 4MB 512, 1GB 0
Oct 18 21:38:22 archlnx kernel: Spectre V1 : Mitigation: usercopy/swapgs barriers and __user pointer sanitization
Oct 18 21:38:22 archlnx kernel: Spectre V2 : Mitigation: Full AMD retpoline
Oct 18 21:38:22 archlnx kernel: Spectre V2 : Spectre v2 / SpectreRSB mitigation: Filling RSB on context switch
Oct 18 21:38:22 archlnx kernel: Speculative Store Bypass: Mitigation: Speculative Store Bypass disabled via prctl and seccomp
Oct 18 21:38:22 archlnx kernel: Freeing SMP alternatives memory: 32K
Oct 18 21:38:22 archlnx kernel: smpboot: CPU0: AMD FX-7500 Radeon R7, 10 Compute Cores 4C+6G (family: 0x15, model: 0x30, stepping: 0x1)
Oct 18 21:38:22 archlnx kernel: Performance Events: Fam15h core perfctr, AMD PMU driver.
Oct 18 21:38:22 archlnx kernel: ... version:                0
Oct 18 21:38:22 archlnx kernel: ... bit width:              48
Oct 18 21:38:22 archlnx kernel: ... generic registers:      6
Oct 18 21:38:22 archlnx kernel: ... value mask:             0000ffffffffffff
Oct 18 21:38:22 archlnx kernel: ... max period:             00007fffffffffff
Oct 18 21:38:22 archlnx kernel: ... fixed-purpose events:   0
Oct 18 21:38:22 archlnx kernel: ... event mask:             000000000000003f
Oct 18 21:38:22 archlnx kernel: rcu: Hierarchical SRCU implementation.
Oct 18 21:38:22 archlnx kernel: NMI watchdog: Enabled. Permanently consumes one hw-PMU counter.
Oct 18 21:38:22 archlnx kernel: smp: Bringing up secondary CPUs ...
Oct 18 21:38:22 archlnx kernel: x86: Booting SMP configuration:
Oct 18 21:38:22 archlnx kernel: .... node  #0, CPUs:      #1
Oct 18 21:38:22 archlnx kernel: TSC synchronization [CPU#0 -> CPU#1]:
Oct 18 21:38:22 archlnx kernel: Measured 693825426 cycles TSC warp between CPUs, turning off TSC clock.
Oct 18 21:38:22 archlnx kernel: tsc: Marking TSC unstable due to check_tsc_sync_source failed
Oct 18 21:38:22 archlnx kernel:  #2 #3
Oct 18 21:38:22 archlnx kernel: smp: Brought up 1 node, 4 CPUs
Oct 18 21:38:22 archlnx kernel: smpboot: Max logical packages: 1
Oct 18 21:38:22 archlnx kernel: smpboot: Total of 4 processors activated (16775.65 BogoMIPS)
Oct 18 21:38:22 archlnx kernel: devtmpfs: initialized
Oct 18 21:38:22 archlnx kernel: x86/mm: Memory block size: 128MB
Oct 18 21:38:22 archlnx kernel: PM: Registering ACPI NVS region [mem 0x00087000-0x00087fff] (4096 bytes)
Oct 18 21:38:22 archlnx kernel: PM: Registering ACPI NVS region [mem 0x8eafb000-0x8ec7afff] (1572864 bytes)
Oct 18 21:38:22 archlnx kernel: clocksource: jiffies: mask: 0xffffffff max_cycles: 0xffffffff, max_idle_ns: 6370867519511994 ns
Oct 18 21:38:22 archlnx kernel: futex hash table entries: 1024 (order: 4, 65536 bytes, linear)
Oct 18 21:38:22 archlnx kernel: pinctrl core: initialized pinctrl subsystem
Oct 18 21:38:22 archlnx kernel: PM: RTC time: 19:37:56, date: 2019-10-18
Oct 18 21:38:22 archlnx kernel: NET: Registered protocol family 16
Oct 18 21:38:22 archlnx kernel: audit: initializing netlink subsys (disabled)
Oct 18 21:38:22 archlnx kernel: audit: type=2000 audit(1571427476.306:1): state=initialized audit_enabled=0 res=1
Oct 18 21:38:22 archlnx kernel: cpuidle: using governor ladder
Oct 18 21:38:22 archlnx kernel: cpuidle: using governor menu
Oct 18 21:38:22 archlnx kernel: ACPI: bus type PCI registered
Oct 18 21:38:22 archlnx kernel: acpiphp: ACPI Hot Plug PCI Controller Driver version: 0.5
Oct 18 21:38:22 archlnx kernel: PCI: MMCONFIG for domain 0000 [bus 00-3f] at [mem 0xf8000000-0xfbffffff] (base 0xf8000000)
Oct 18 21:38:22 archlnx kernel: PCI: not using MMCONFIG
Oct 18 21:38:22 archlnx kernel: PCI: Using configuration type 1 for base access
Oct 18 21:38:22 archlnx kernel: PCI: Using configuration type 1 for extended access
Oct 18 21:38:22 archlnx kernel: HugeTLB registered 1.00 GiB page size, pre-allocated 0 pages
Oct 18 21:38:22 archlnx kernel: HugeTLB registered 2.00 MiB page size, pre-allocated 0 pages
Oct 18 21:38:22 archlnx kernel: ACPI: Added _OSI(Module Device)
Oct 18 21:38:22 archlnx kernel: ACPI: Added _OSI(Processor Device)
Oct 18 21:38:22 archlnx kernel: ACPI: Added _OSI(3.0 _SCP Extensions)
Oct 18 21:38:22 archlnx kernel: ACPI: Added _OSI(Processor Aggregator Device)
Oct 18 21:38:22 archlnx kernel: ACPI: Added _OSI(Linux-Dell-Video)
Oct 18 21:38:22 archlnx kernel: ACPI: Added _OSI(Linux-Lenovo-NV-HDMI-Audio)
Oct 18 21:38:22 archlnx kernel: ACPI: Added _OSI(Linux-HPI-Hybrid-Graphics)
Oct 18 21:38:22 archlnx kernel: ACPI: 10 ACPI AML tables successfully acquired and loaded
Oct 18 21:38:22 archlnx kernel: ACPI: [Firmware Bug]: BIOS _OSI(Linux) query ignored
Oct 18 21:38:22 archlnx kernel: ACPI: EC: EC started
Oct 18 21:38:22 archlnx kernel: ACPI: EC: interrupt blocked
Oct 18 21:38:22 archlnx kernel: ACPI: \_SB_.PCI0.LPC0.EC0_: Used as first EC
Oct 18 21:38:22 archlnx kernel: ACPI: \_SB_.PCI0.LPC0.EC0_: GPE=0x3, EC_CMD/EC_SC=0x66, EC_DATA=0x62
Oct 18 21:38:22 archlnx kernel: ACPI: \_SB_.PCI0.LPC0.EC0_: Boot DSDT EC used to handle transactions
Oct 18 21:38:22 archlnx kernel: ACPI: Interpreter enabled
Oct 18 21:38:22 archlnx kernel: ACPI: (supports S0 S3 S4 S5)
Oct 18 21:38:22 archlnx kernel: ACPI: Using IOAPIC for interrupt routing
Oct 18 21:38:22 archlnx kernel: PCI: MMCONFIG for domain 0000 [bus 00-3f] at [mem 0xf8000000-0xfbffffff] (base 0xf8000000)
Oct 18 21:38:22 archlnx kernel: PCI: MMCONFIG at [mem 0xf8000000-0xfbffffff] reserved in ACPI motherboard resources
Oct 18 21:38:22 archlnx kernel: PCI: Using host bridge windows from ACPI; if necessary, use "pci=nocrs" and report a bug
Oct 18 21:38:22 archlnx kernel: ACPI: Enabled 3 GPEs in block 00 to 1F
Oct 18 21:38:22 archlnx kernel: ACPI: PCI Root Bridge [PCI0] (domain 0000 [bus 00-ff])
Oct 18 21:38:22 archlnx kernel: acpi PNP0A08:00: _OSC: OS supports [ExtendedConfig ASPM ClockPM Segments MSI HPX-Type3]
Oct 18 21:38:22 archlnx kernel: acpi PNP0A08:00: _OSC: platform does not support [SHPCHotplug LTR]
Oct 18 21:38:22 archlnx kernel: acpi PNP0A08:00: _OSC: OS now controls [PCIeHotplug PME AER PCIeCapability]
Oct 18 21:38:22 archlnx kernel: acpi PNP0A08:00: [Firmware Info]: MMCONFIG for domain 0000 [bus 00-3f] only partially covers this bridge
Oct 18 21:38:22 archlnx kernel: PCI host bridge to bus 0000:00
Oct 18 21:38:22 archlnx kernel: pci_bus 0000:00: root bus resource [mem 0x000a0000-0x000bffff window]
Oct 18 21:38:22 archlnx kernel: pci_bus 0000:00: root bus resource [mem 0x000c0000-0x000c3fff window]
Oct 18 21:38:22 archlnx kernel: pci_bus 0000:00: root bus resource [mem 0x000c4000-0x000c7fff window]
Oct 18 21:38:22 archlnx kernel: pci_bus 0000:00: root bus resource [mem 0x000c8000-0x000cbfff window]
Oct 18 21:38:22 archlnx kernel: pci_bus 0000:00: root bus resource [mem 0x000cc000-0x000cffff window]
Oct 18 21:38:22 archlnx kernel: pci_bus 0000:00: root bus resource [mem 0x000d0000-0x000d3fff window]
Oct 18 21:38:22 archlnx kernel: pci_bus 0000:00: root bus resource [mem 0x000d4000-0x000d7fff window]
Oct 18 21:38:22 archlnx kernel: pci_bus 0000:00: root bus resource [mem 0x000d8000-0x000dbfff window]
Oct 18 21:38:22 archlnx kernel: pci_bus 0000:00: root bus resource [mem 0x000dc000-0x000dffff window]
Oct 18 21:38:22 archlnx kernel: pci_bus 0000:00: root bus resource [mem 0x000e0000-0x000e3fff window]
Oct 18 21:38:22 archlnx kernel: pci_bus 0000:00: root bus resource [mem 0x000e4000-0x000e7fff window]
Oct 18 21:38:22 archlnx kernel: pci_bus 0000:00: root bus resource [mem 0x000e8000-0x000ebfff window]
Oct 18 21:38:22 archlnx kernel: pci_bus 0000:00: root bus resource [mem 0x000ec000-0x000effff window]
Oct 18 21:38:22 archlnx kernel: pci_bus 0000:00: root bus resource [mem 0xd0000000-0xf7ffffff window]
Oct 18 21:38:22 archlnx kernel: pci_bus 0000:00: root bus resource [mem 0xfc000000-0xfdffffff window]
Oct 18 21:38:22 archlnx kernel: pci_bus 0000:00: root bus resource [mem 0xfed40000-0xfed44fff window]
Oct 18 21:38:22 archlnx kernel: pci_bus 0000:00: root bus resource [io  0x0000-0x0cf7 window]
Oct 18 21:38:22 archlnx kernel: pci_bus 0000:00: root bus resource [io  0x0d00-0xffff window]
Oct 18 21:38:22 archlnx kernel: pci_bus 0000:00: root bus resource [bus 00-ff]
Oct 18 21:38:22 archlnx kernel: pci 0000:00:00.0: [1022:1422] type 00 class 0x060000
Oct 18 21:38:22 archlnx kernel: pci 0000:00:01.0: [1002:1309] type 00 class 0x030000
Oct 18 21:38:22 archlnx kernel: pci 0000:00:01.0: reg 0x10: [mem 0xe0000000-0xefffffff 64bit pref]
Oct 18 21:38:22 archlnx kernel: pci 0000:00:01.0: reg 0x18: [mem 0xf0000000-0xf07fffff 64bit pref]
Oct 18 21:38:22 archlnx kernel: pci 0000:00:01.0: reg 0x20: [io  0x4000-0x40ff]
Oct 18 21:38:22 archlnx kernel: pci 0000:00:01.0: reg 0x24: [mem 0xf0b00000-0xf0b3ffff]
Oct 18 21:38:22 archlnx kernel: pci 0000:00:01.0: reg 0x30: [mem 0xfffe0000-0xffffffff pref]
Oct 18 21:38:22 archlnx kernel: pci 0000:00:01.0: enabling Extended Tags
Oct 18 21:38:22 archlnx kernel: pci 0000:00:01.0: BAR 0: assigned to efifb
Oct 18 21:38:22 archlnx kernel: pci 0000:00:01.0: supports D1 D2
Oct 18 21:38:22 archlnx kernel: pci 0000:00:01.0: PME# supported from D1 D2 D3hot
Oct 18 21:38:22 archlnx kernel: pci 0000:00:01.1: [1002:1308] type 00 class 0x040300
Oct 18 21:38:22 archlnx kernel: pci 0000:00:01.1: reg 0x10: [mem 0xf0b40000-0xf0b43fff 64bit]
Oct 18 21:38:22 archlnx kernel: pci 0000:00:01.1: enabling Extended Tags
Oct 18 21:38:22 archlnx kernel: pci 0000:00:01.1: supports D1 D2
Oct 18 21:38:22 archlnx kernel: pci 0000:00:02.0: [1022:1424] type 00 class 0x060000
Oct 18 21:38:22 archlnx kernel: pci 0000:00:02.1: [1022:1425] type 01 class 0x060400
Oct 18 21:38:22 archlnx kernel: pci 0000:00:02.1: enabling Extended Tags
Oct 18 21:38:22 archlnx kernel: pci 0000:00:02.1: PME# supported from D0 D3hot D3cold
Oct 18 21:38:22 archlnx kernel: pci 0000:00:03.0: [1022:1424] type 00 class 0x060000
Oct 18 21:38:22 archlnx kernel: pci 0000:00:03.1: [1022:1426] type 01 class 0x060400
Oct 18 21:38:22 archlnx kernel: pci 0000:00:03.1: enabling Extended Tags
Oct 18 21:38:22 archlnx kernel: pci 0000:00:03.1: PME# supported from D0 D3hot D3cold
Oct 18 21:38:22 archlnx kernel: pci 0000:00:03.3: [1022:1426] type 01 class 0x060400
Oct 18 21:38:22 archlnx kernel: pci 0000:00:03.3: enabling Extended Tags
Oct 18 21:38:22 archlnx kernel: pci 0000:00:03.3: PME# supported from D0 D3hot D3cold
Oct 18 21:38:22 archlnx kernel: pci 0000:00:04.0: [1022:1424] type 00 class 0x060000
Oct 18 21:38:22 archlnx kernel: pci 0000:00:10.0: [1022:7814] type 00 class 0x0c0330
Oct 18 21:38:22 archlnx kernel: pci 0000:00:10.0: reg 0x10: [mem 0xf0b48000-0xf0b49fff 64bit]
Oct 18 21:38:22 archlnx kernel: pci 0000:00:10.0: PME# supported from D0 D3hot D3cold
Oct 18 21:38:22 archlnx kernel: pci 0000:00:11.0: [1022:7801] type 00 class 0x010601
Oct 18 21:38:22 archlnx kernel: pci 0000:00:11.0: reg 0x10: [io  0x4118-0x411f]
Oct 18 21:38:22 archlnx kernel: pci 0000:00:11.0: reg 0x14: [io  0x4124-0x4127]
Oct 18 21:38:22 archlnx kernel: pci 0000:00:11.0: reg 0x18: [io  0x4110-0x4117]
Oct 18 21:38:22 archlnx kernel: pci 0000:00:11.0: reg 0x1c: [io  0x4120-0x4123]
Oct 18 21:38:22 archlnx kernel: pci 0000:00:11.0: reg 0x20: [io  0x4100-0x410f]
Oct 18 21:38:22 archlnx kernel: pci 0000:00:11.0: reg 0x24: [mem 0xf0b4d000-0xf0b4d7ff]
Oct 18 21:38:22 archlnx kernel: pci 0000:00:12.0: [1022:7807] type 00 class 0x0c0310
Oct 18 21:38:22 archlnx kernel: pci 0000:00:12.0: reg 0x10: [mem 0xf0b4c000-0xf0b4cfff]
Oct 18 21:38:22 archlnx kernel: pci 0000:00:12.2: [1022:7808] type 00 class 0x0c0320
Oct 18 21:38:22 archlnx kernel: pci 0000:00:12.2: reg 0x10: [mem 0xf0b4d900-0xf0b4d9ff]
Oct 18 21:38:22 archlnx kernel: pci 0000:00:12.2: supports D1 D2
Oct 18 21:38:22 archlnx kernel: pci 0000:00:12.2: PME# supported from D0 D1 D2 D3hot D3cold
Oct 18 21:38:22 archlnx kernel: pci 0000:00:13.0: [1022:7807] type 00 class 0x0c0310
Oct 18 21:38:22 archlnx kernel: pci 0000:00:13.0: reg 0x10: [mem 0xf0b4b000-0xf0b4bfff]
Oct 18 21:38:22 archlnx kernel: pci 0000:00:13.2: [1022:7808] type 00 class 0x0c0320
Oct 18 21:38:22 archlnx kernel: pci 0000:00:13.2: reg 0x10: [mem 0xf0b4d800-0xf0b4d8ff]
Oct 18 21:38:22 archlnx kernel: pci 0000:00:13.2: supports D1 D2
Oct 18 21:38:22 archlnx kernel: pci 0000:00:13.2: PME# supported from D0 D1 D2 D3hot D3cold
Oct 18 21:38:22 archlnx kernel: pci 0000:00:14.0: [1022:780b] type 00 class 0x0c0500
Oct 18 21:38:22 archlnx kernel: pci 0000:00:14.2: [1022:780d] type 00 class 0x040300
Oct 18 21:38:22 archlnx kernel: pci 0000:00:14.2: reg 0x10: [mem 0xf0b44000-0xf0b47fff 64bit]
Oct 18 21:38:22 archlnx kernel: pci 0000:00:14.2: PME# supported from D0 D3hot D3cold
Oct 18 21:38:22 archlnx kernel: pci 0000:00:14.3: [1022:780e] type 00 class 0x060100
Oct 18 21:38:22 archlnx kernel: pci 0000:00:14.4: [1022:780f] type 01 class 0x060401
Oct 18 21:38:22 archlnx kernel: pci 0000:00:14.5: [1022:7809] type 00 class 0x0c0310
Oct 18 21:38:22 archlnx kernel: pci 0000:00:14.5: reg 0x10: [mem 0xf0b4a000-0xf0b4afff]
Oct 18 21:38:22 archlnx kernel: pci 0000:00:18.0: [1022:141a] type 00 class 0x060000
Oct 18 21:38:22 archlnx kernel: pci 0000:00:18.1: [1022:141b] type 00 class 0x060000
Oct 18 21:38:22 archlnx kernel: pci 0000:00:18.2: [1022:141c] type 00 class 0x060000
Oct 18 21:38:22 archlnx kernel: pci 0000:00:18.3: [1022:141d] type 00 class 0x060000
Oct 18 21:38:22 archlnx kernel: pci 0000:00:18.4: [1022:141e] type 00 class 0x060000
Oct 18 21:38:22 archlnx kernel: pci 0000:00:18.5: [1022:141f] type 00 class 0x060000
Oct 18 21:38:22 archlnx kernel: pci 0000:01:00.0: [1002:6665] type 00 class 0x038000
Oct 18 21:38:22 archlnx kernel: pci 0000:01:00.0: reg 0x10: [mem 0xd0000000-0xdfffffff 64bit pref]
Oct 18 21:38:22 archlnx kernel: pci 0000:01:00.0: reg 0x18: [mem 0xf0a00000-0xf0a3ffff 64bit]
Oct 18 21:38:22 archlnx kernel: pci 0000:01:00.0: reg 0x20: [io  0x3000-0x30ff]
Oct 18 21:38:22 archlnx kernel: pci 0000:01:00.0: reg 0x30: [mem 0xfffe0000-0xffffffff pref]
Oct 18 21:38:22 archlnx kernel: pci 0000:01:00.0: enabling Extended Tags
Oct 18 21:38:22 archlnx kernel: pci 0000:01:00.0: supports D1 D2
Oct 18 21:38:22 archlnx kernel: pci 0000:01:00.0: PME# supported from D1 D2 D3hot
Oct 18 21:38:22 archlnx kernel: pci 0000:01:00.0: 16.000 Gb/s available PCIe bandwidth, limited by 2.5 GT/s x8 link at 0000:00:02.1 (capable of 63.008 Gb/s with 8 GT/s x8 link)
Oct 18 21:38:22 archlnx kernel: pci 0000:00:02.1: PCI bridge to [bus 01]
Oct 18 21:38:22 archlnx kernel: pci 0000:00:02.1:   bridge window [io  0x3000-0x3fff]
Oct 18 21:38:22 archlnx kernel: pci 0000:00:02.1:   bridge window [mem 0xf0a00000-0xf0afffff]
Oct 18 21:38:22 archlnx kernel: pci 0000:00:02.1:   bridge window [mem 0xd0000000-0xdfffffff 64bit pref]
Oct 18 21:38:22 archlnx kernel: pci 0000:02:00.0: [10ec:8168] type 00 class 0x020000
Oct 18 21:38:22 archlnx kernel: pci 0000:02:00.0: reg 0x10: [io  0x2000-0x20ff]
Oct 18 21:38:22 archlnx kernel: pci 0000:02:00.0: reg 0x18: [mem 0xf0904000-0xf0904fff 64bit]
Oct 18 21:38:22 archlnx kernel: pci 0000:02:00.0: reg 0x20: [mem 0xf0900000-0xf0903fff 64bit]
Oct 18 21:38:22 archlnx kernel: pci 0000:02:00.0: supports D1 D2
Oct 18 21:38:22 archlnx kernel: pci 0000:02:00.0: PME# supported from D0 D1 D2 D3hot D3cold
Oct 18 21:38:22 archlnx kernel: pci 0000:00:03.1: PCI bridge to [bus 02]
Oct 18 21:38:22 archlnx kernel: pci 0000:00:03.1:   bridge window [io  0x2000-0x2fff]
Oct 18 21:38:22 archlnx kernel: pci 0000:00:03.1:   bridge window [mem 0xf0900000-0xf09fffff]
Oct 18 21:38:22 archlnx kernel: pci 0000:03:00.0: [10ec:b723] type 00 class 0x028000
Oct 18 21:38:22 archlnx kernel: pci 0000:03:00.0: reg 0x10: [io  0x1000-0x10ff]
Oct 18 21:38:22 archlnx kernel: pci 0000:03:00.0: reg 0x18: [mem 0xf0800000-0xf0803fff 64bit]
Oct 18 21:38:22 archlnx kernel: pci 0000:03:00.0: supports D1 D2
Oct 18 21:38:22 archlnx kernel: pci 0000:03:00.0: PME# supported from D0 D1 D2 D3hot D3cold
Oct 18 21:38:22 archlnx kernel: pci 0000:00:03.3: PCI bridge to [bus 03]
Oct 18 21:38:22 archlnx kernel: pci 0000:00:03.3:   bridge window [io  0x1000-0x1fff]
Oct 18 21:38:22 archlnx kernel: pci 0000:00:03.3:   bridge window [mem 0xf0800000-0xf08fffff]
Oct 18 21:38:22 archlnx kernel: pci_bus 0000:04: extended config space not accessible
Oct 18 21:38:22 archlnx kernel: pci 0000:00:14.4: PCI bridge to [bus 04] (subtractive decode)
Oct 18 21:38:22 archlnx kernel: pci 0000:00:14.4:   bridge window [mem 0x000a0000-0x000bffff window] (subtractive decode)
Oct 18 21:38:22 archlnx kernel: pci 0000:00:14.4:   bridge window [mem 0x000c0000-0x000c3fff window] (subtractive decode)
Oct 18 21:38:22 archlnx kernel: pci 0000:00:14.4:   bridge window [mem 0x000c4000-0x000c7fff window] (subtractive decode)
Oct 18 21:38:22 archlnx kernel: pci 0000:00:14.4:   bridge window [mem 0x000c8000-0x000cbfff window] (subtractive decode)
Oct 18 21:38:22 archlnx kernel: pci 0000:00:14.4:   bridge window [mem 0x000cc000-0x000cffff window] (subtractive decode)
Oct 18 21:38:22 archlnx kernel: pci 0000:00:14.4:   bridge window [mem 0x000d0000-0x000d3fff window] (subtractive decode)
Oct 18 21:38:22 archlnx kernel: pci 0000:00:14.4:   bridge window [mem 0x000d4000-0x000d7fff window] (subtractive decode)
Oct 18 21:38:22 archlnx kernel: pci 0000:00:14.4:   bridge window [mem 0x000d8000-0x000dbfff window] (subtractive decode)
Oct 18 21:38:22 archlnx kernel: pci 0000:00:14.4:   bridge window [mem 0x000dc000-0x000dffff window] (subtractive decode)
Oct 18 21:38:22 archlnx kernel: pci 0000:00:14.4:   bridge window [mem 0x000e0000-0x000e3fff window] (subtractive decode)
Oct 18 21:38:22 archlnx kernel: pci 0000:00:14.4:   bridge window [mem 0x000e4000-0x000e7fff window] (subtractive decode)
Oct 18 21:38:22 archlnx kernel: pci 0000:00:14.4:   bridge window [mem 0x000e8000-0x000ebfff window] (subtractive decode)
Oct 18 21:38:22 archlnx kernel: pci 0000:00:14.4:   bridge window [mem 0x000ec000-0x000effff window] (subtractive decode)
Oct 18 21:38:22 archlnx kernel: pci 0000:00:14.4:   bridge window [mem 0xd0000000-0xf7ffffff window] (subtractive decode)
Oct 18 21:38:22 archlnx kernel: pci 0000:00:14.4:   bridge window [mem 0xfc000000-0xfdffffff window] (subtractive decode)
Oct 18 21:38:22 archlnx kernel: pci 0000:00:14.4:   bridge window [mem 0xfed40000-0xfed44fff window] (subtractive decode)
Oct 18 21:38:22 archlnx kernel: pci 0000:00:14.4:   bridge window [io  0x0000-0x0cf7 window] (subtractive decode)
Oct 18 21:38:22 archlnx kernel: pci 0000:00:14.4:   bridge window [io  0x0d00-0xffff window] (subtractive decode)
Oct 18 21:38:22 archlnx kernel: ACPI: PCI Interrupt Link [LNKA] (IRQs 3 4 5 7 10 11 12 14 15) *0
Oct 18 21:38:22 archlnx kernel: ACPI: PCI Interrupt Link [LNKB] (IRQs 3 4 5 7 10 11 12 14 15) *0
Oct 18 21:38:22 archlnx kernel: ACPI: PCI Interrupt Link [LNKC] (IRQs 3 4 5 7 10 11 12 14 15) *0
Oct 18 21:38:22 archlnx kernel: ACPI: PCI Interrupt Link [LNKD] (IRQs 3 4 5 7 10 11 12 14 15) *0
Oct 18 21:38:22 archlnx kernel: ACPI: PCI Interrupt Link [LNKE] (IRQs 3 4 5 7 10 11 12 14 15) *0
Oct 18 21:38:22 archlnx kernel: ACPI: PCI Interrupt Link [LNKF] (IRQs 3 4 5 7 10 11 12 14 15) *0
Oct 18 21:38:22 archlnx kernel: ACPI: PCI Interrupt Link [LNKG] (IRQs 3 4 5 7 10 11 12 14 15) *0
Oct 18 21:38:22 archlnx kernel: ACPI: PCI Interrupt Link [LNKH] (IRQs 3 4 5 7 10 11 12 14 15) *0
Oct 18 21:38:22 archlnx kernel: ACPI: EC: interrupt unblocked
Oct 18 21:38:22 archlnx kernel: ACPI: EC: event unblocked
Oct 18 21:38:22 archlnx kernel: ACPI: \_SB_.PCI0.LPC0.EC0_: GPE=0x3, EC_CMD/EC_SC=0x66, EC_DATA=0x62
Oct 18 21:38:22 archlnx kernel: ACPI: \_SB_.PCI0.LPC0.EC0_: Boot DSDT EC used to handle transactions and events
Oct 18 21:38:22 archlnx kernel: pci 0000:00:01.0: vgaarb: setting as boot VGA device
Oct 18 21:38:22 archlnx kernel: pci 0000:00:01.0: vgaarb: VGA device added: decodes=io+mem,owns=io+mem,locks=none
Oct 18 21:38:22 archlnx kernel: pci 0000:00:01.0: vgaarb: bridge control possible
Oct 18 21:38:22 archlnx kernel: vgaarb: loaded
Oct 18 21:38:22 archlnx kernel: ACPI: bus type USB registered
Oct 18 21:38:22 archlnx kernel: usbcore: registered new interface driver usbfs
Oct 18 21:38:22 archlnx kernel: usbcore: registered new interface driver hub
Oct 18 21:38:22 archlnx kernel: usbcore: registered new device driver usb
Oct 18 21:38:22 archlnx kernel: pps_core: LinuxPPS API ver. 1 registered
Oct 18 21:38:22 archlnx kernel: pps_core: Software ver. 5.3.6 - Copyright 2005-2007 Rodolfo Giometti <giometti@linux.it>
Oct 18 21:38:22 archlnx kernel: PTP clock support registered
Oct 18 21:38:22 archlnx kernel: EDAC MC: Ver: 3.0.0
Oct 18 21:38:22 archlnx kernel: Registered efivars operations
Oct 18 21:38:22 archlnx kernel: PCI: Using ACPI for IRQ routing
Oct 18 21:38:22 archlnx kernel: PCI: pci_cache_line_size set to 64 bytes
Oct 18 21:38:22 archlnx kernel: e820: reserve RAM buffer [mem 0x00087000-0x0008ffff]
Oct 18 21:38:22 archlnx kernel: e820: reserve RAM buffer [mem 0x0009f000-0x0009ffff]
Oct 18 21:38:22 archlnx kernel: e820: reserve RAM buffer [mem 0x8bbfb000-0x8bffffff]
Oct 18 21:38:22 archlnx kernel: e820: reserve RAM buffer [mem 0x8fc00000-0x8fffffff]
Oct 18 21:38:22 archlnx kernel: e820: reserve RAM buffer [mem 0x22f000000-0x22fffffff]
Oct 18 21:38:22 archlnx kernel: NetLabel: Initializing
Oct 18 21:38:22 archlnx kernel: NetLabel:  domain hash size = 128
Oct 18 21:38:22 archlnx kernel: NetLabel:  protocols = UNLABELED CIPSOv4 CALIPSO
Oct 18 21:38:22 archlnx kernel: NetLabel:  unlabeled traffic allowed by default
Oct 18 21:38:22 archlnx kernel: hpet0: at MMIO 0xfed00000, IRQs 2, 8, 0
Oct 18 21:38:22 archlnx kernel: hpet0: 3 comparators, 32-bit 14.318180 MHz counter
Oct 18 21:38:22 archlnx kernel: clocksource: Switched to clocksource hpet
Oct 18 21:38:22 archlnx kernel: VFS: Disk quotas dquot_6.6.0
Oct 18 21:38:22 archlnx kernel: VFS: Dquot-cache hash table entries: 512 (order 0, 4096 bytes)
Oct 18 21:38:22 archlnx kernel: *** VALIDATE hugetlbfs ***
Oct 18 21:38:22 archlnx kernel: pnp: PnP ACPI init
Oct 18 21:38:22 archlnx kernel: system 00:00: [mem 0xfec00000-0xfec01fff] could not be reserved
Oct 18 21:38:22 archlnx kernel: system 00:00: [mem 0xfee00000-0xfee00fff] has been reserved
Oct 18 21:38:22 archlnx kernel: system 00:00: [mem 0xfec20000-0xfec20fff] could not be reserved
Oct 18 21:38:22 archlnx kernel: system 00:00: [mem 0xf8000000-0xfbffffff] has been reserved
Oct 18 21:38:22 archlnx kernel: system 00:00: Plug and Play ACPI device, IDs PNP0c02 (active)
Oct 18 21:38:22 archlnx kernel: pnp 00:01: Plug and Play ACPI device, IDs PNP0b00 (active)
Oct 18 21:38:22 archlnx kernel: pnp 00:02: Plug and Play ACPI device, IDs PNP0303 (active)
Oct 18 21:38:22 archlnx kernel: pnp 00:03: Plug and Play ACPI device, IDs SYN2b3f PNP0f13 (active)
Oct 18 21:38:22 archlnx kernel: system 00:04: [io  0x04d0-0x04d1] has been reserved
Oct 18 21:38:22 archlnx kernel: system 00:04: [io  0x0530-0x0537] has been reserved
Oct 18 21:38:22 archlnx kernel: system 00:04: [io  0x0800-0x0827] has been reserved
Oct 18 21:38:22 archlnx kernel: system 00:04: [io  0x0830] has been reserved
Oct 18 21:38:22 archlnx kernel: system 00:04: [io  0x0840-0x0847] has been reserved
Oct 18 21:38:22 archlnx kernel: system 00:04: [io  0x0b00-0x0b1f] has been reserved
Oct 18 21:38:22 archlnx kernel: system 00:04: [io  0x0b20-0x0b3f] has been reserved
Oct 18 21:38:22 archlnx kernel: system 00:04: [io  0x0c00-0x0c01] has been reserved
Oct 18 21:38:22 archlnx kernel: system 00:04: [io  0x0c14] has been reserved
Oct 18 21:38:22 archlnx kernel: system 00:04: [io  0x0c50-0x0c52] has been reserved
Oct 18 21:38:22 archlnx kernel: system 00:04: [io  0x0cd0-0x0cd1] has been reserved
Oct 18 21:38:22 archlnx kernel: system 00:04: [io  0x0cd2-0x0cd3] has been reserved
Oct 18 21:38:22 archlnx kernel: system 00:04: [io  0x0cd4-0x0cd5] has been reserved
Oct 18 21:38:22 archlnx kernel: system 00:04: [io  0x0cd6-0x0cd7] has been reserved
Oct 18 21:38:22 archlnx kernel: system 00:04: [io  0x0cd8-0x0cdf] has been reserved
Oct 18 21:38:22 archlnx kernel: system 00:04: [io  0x0cf9] could not be reserved
Oct 18 21:38:22 archlnx kernel: system 00:04: [io  0x8100-0x81ff window] has been reserved
Oct 18 21:38:22 archlnx kernel: system 00:04: [io  0x8200-0x82ff window] has been reserved
Oct 18 21:38:22 archlnx kernel: system 00:04: Plug and Play ACPI device, IDs PNP0c02 (active)
Oct 18 21:38:22 archlnx kernel: system 00:05: [mem 0x000e0000-0x000fffff] could not be reserved
Oct 18 21:38:22 archlnx kernel: system 00:05: [mem 0xff800000-0xffffffff] has been reserved
Oct 18 21:38:22 archlnx kernel: system 00:05: [mem 0xfec10000-0xfec1001f] has been reserved
Oct 18 21:38:22 archlnx kernel: system 00:05: [mem 0xfed00000-0xfed003ff] has been reserved
Oct 18 21:38:22 archlnx kernel: system 00:05: [mem 0xfed61000-0xfed613ff] has been reserved
Oct 18 21:38:22 archlnx kernel: system 00:05: [mem 0xfed80000-0xfed80fff] has been reserved
Oct 18 21:38:22 archlnx kernel: system 00:05: Plug and Play ACPI device, IDs PNP0c01 (active)
Oct 18 21:38:22 archlnx kernel: pnp: PnP ACPI: found 6 devices
Oct 18 21:38:22 archlnx kernel: thermal_sys: Registered thermal governor 'fair_share'
Oct 18 21:38:22 archlnx kernel: thermal_sys: Registered thermal governor 'bang_bang'
Oct 18 21:38:22 archlnx kernel: thermal_sys: Registered thermal governor 'step_wise'
Oct 18 21:38:22 archlnx kernel: thermal_sys: Registered thermal governor 'user_space'
Oct 18 21:38:22 archlnx kernel: thermal_sys: Registered thermal governor 'power_allocator'
Oct 18 21:38:22 archlnx kernel: clocksource: acpi_pm: mask: 0xffffff max_cycles: 0xffffff, max_idle_ns: 2085701024 ns
Oct 18 21:38:22 archlnx kernel: pci 0000:00:01.0: can't claim BAR 6 [mem 0xfffe0000-0xffffffff pref]: no compatible bridge window
Oct 18 21:38:22 archlnx kernel: pci 0000:01:00.0: can't claim BAR 6 [mem 0xfffe0000-0xffffffff pref]: no compatible bridge window
Oct 18 21:38:22 archlnx kernel: pci 0000:00:01.0: BAR 6: assigned [mem 0xf0b60000-0xf0b7ffff pref]
Oct 18 21:38:22 archlnx kernel: pci 0000:01:00.0: BAR 6: assigned [mem 0xf0a40000-0xf0a5ffff pref]
Oct 18 21:38:22 archlnx kernel: pci 0000:00:02.1: PCI bridge to [bus 01]
Oct 18 21:38:22 archlnx kernel: pci 0000:00:02.1:   bridge window [io  0x3000-0x3fff]
Oct 18 21:38:22 archlnx kernel: pci 0000:00:02.1:   bridge window [mem 0xf0a00000-0xf0afffff]
Oct 18 21:38:22 archlnx kernel: pci 0000:00:02.1:   bridge window [mem 0xd0000000-0xdfffffff 64bit pref]
Oct 18 21:38:22 archlnx kernel: pci 0000:00:03.1: PCI bridge to [bus 02]
Oct 18 21:38:22 archlnx kernel: pci 0000:00:03.1:   bridge window [io  0x2000-0x2fff]
Oct 18 21:38:22 archlnx kernel: pci 0000:00:03.1:   bridge window [mem 0xf0900000-0xf09fffff]
Oct 18 21:38:22 archlnx kernel: pci 0000:00:03.3: PCI bridge to [bus 03]
Oct 18 21:38:22 archlnx kernel: pci 0000:00:03.3:   bridge window [io  0x1000-0x1fff]
Oct 18 21:38:22 archlnx kernel: pci 0000:00:03.3:   bridge window [mem 0xf0800000-0xf08fffff]
Oct 18 21:38:22 archlnx kernel: pci 0000:00:14.4: PCI bridge to [bus 04]
Oct 18 21:38:22 archlnx kernel: pci_bus 0000:00: resource 4 [mem 0x000a0000-0x000bffff window]
Oct 18 21:38:22 archlnx kernel: pci_bus 0000:00: resource 5 [mem 0x000c0000-0x000c3fff window]
Oct 18 21:38:22 archlnx kernel: pci_bus 0000:00: resource 6 [mem 0x000c4000-0x000c7fff window]
Oct 18 21:38:22 archlnx kernel: pci_bus 0000:00: resource 7 [mem 0x000c8000-0x000cbfff window]
Oct 18 21:38:22 archlnx kernel: pci_bus 0000:00: resource 8 [mem 0x000cc000-0x000cffff window]
Oct 18 21:38:22 archlnx kernel: pci_bus 0000:00: resource 9 [mem 0x000d0000-0x000d3fff window]
Oct 18 21:38:22 archlnx kernel: pci_bus 0000:00: resource 10 [mem 0x000d4000-0x000d7fff window]
Oct 18 21:38:22 archlnx kernel: pci_bus 0000:00: resource 11 [mem 0x000d8000-0x000dbfff window]
Oct 18 21:38:22 archlnx kernel: pci_bus 0000:00: resource 12 [mem 0x000dc000-0x000dffff window]
Oct 18 21:38:22 archlnx kernel: pci_bus 0000:00: resource 13 [mem 0x000e0000-0x000e3fff window]
Oct 18 21:38:22 archlnx kernel: pci_bus 0000:00: resource 14 [mem 0x000e4000-0x000e7fff window]
Oct 18 21:38:22 archlnx kernel: pci_bus 0000:00: resource 15 [mem 0x000e8000-0x000ebfff window]
Oct 18 21:38:22 archlnx kernel: pci_bus 0000:00: resource 16 [mem 0x000ec000-0x000effff window]
Oct 18 21:38:22 archlnx kernel: pci_bus 0000:00: resource 17 [mem 0xd0000000-0xf7ffffff window]
Oct 18 21:38:22 archlnx kernel: pci_bus 0000:00: resource 18 [mem 0xfc000000-0xfdffffff window]
Oct 18 21:38:22 archlnx kernel: pci_bus 0000:00: resource 19 [mem 0xfed40000-0xfed44fff window]
Oct 18 21:38:22 archlnx kernel: pci_bus 0000:00: resource 20 [io  0x0000-0x0cf7 window]
Oct 18 21:38:22 archlnx kernel: pci_bus 0000:00: resource 21 [io  0x0d00-0xffff window]
Oct 18 21:38:22 archlnx kernel: pci_bus 0000:01: resource 0 [io  0x3000-0x3fff]
Oct 18 21:38:22 archlnx kernel: pci_bus 0000:01: resource 1 [mem 0xf0a00000-0xf0afffff]
Oct 18 21:38:22 archlnx kernel: pci_bus 0000:01: resource 2 [mem 0xd0000000-0xdfffffff 64bit pref]
Oct 18 21:38:22 archlnx kernel: pci_bus 0000:02: resource 0 [io  0x2000-0x2fff]
Oct 18 21:38:22 archlnx kernel: pci_bus 0000:02: resource 1 [mem 0xf0900000-0xf09fffff]
Oct 18 21:38:22 archlnx kernel: pci_bus 0000:03: resource 0 [io  0x1000-0x1fff]
Oct 18 21:38:22 archlnx kernel: pci_bus 0000:03: resource 1 [mem 0xf0800000-0xf08fffff]
Oct 18 21:38:22 archlnx kernel: pci_bus 0000:04: resource 4 [mem 0x000a0000-0x000bffff window]
Oct 18 21:38:22 archlnx kernel: pci_bus 0000:04: resource 5 [mem 0x000c0000-0x000c3fff window]
Oct 18 21:38:22 archlnx kernel: pci_bus 0000:04: resource 6 [mem 0x000c4000-0x000c7fff window]
Oct 18 21:38:22 archlnx kernel: pci_bus 0000:04: resource 7 [mem 0x000c8000-0x000cbfff window]
Oct 18 21:38:22 archlnx kernel: pci_bus 0000:04: resource 8 [mem 0x000cc000-0x000cffff window]
Oct 18 21:38:22 archlnx kernel: pci_bus 0000:04: resource 9 [mem 0x000d0000-0x000d3fff window]
Oct 18 21:38:22 archlnx kernel: pci_bus 0000:04: resource 10 [mem 0x000d4000-0x000d7fff window]
Oct 18 21:38:22 archlnx kernel: pci_bus 0000:04: resource 11 [mem 0x000d8000-0x000dbfff window]
Oct 18 21:38:22 archlnx kernel: pci_bus 0000:04: resource 12 [mem 0x000dc000-0x000dffff window]
Oct 18 21:38:22 archlnx kernel: pci_bus 0000:04: resource 13 [mem 0x000e0000-0x000e3fff window]
Oct 18 21:38:22 archlnx kernel: pci_bus 0000:04: resource 14 [mem 0x000e4000-0x000e7fff window]
Oct 18 21:38:22 archlnx kernel: pci_bus 0000:04: resource 15 [mem 0x000e8000-0x000ebfff window]
Oct 18 21:38:22 archlnx kernel: pci_bus 0000:04: resource 16 [mem 0x000ec000-0x000effff window]
Oct 18 21:38:22 archlnx kernel: pci_bus 0000:04: resource 17 [mem 0xd0000000-0xf7ffffff window]
Oct 18 21:38:22 archlnx kernel: pci_bus 0000:04: resource 18 [mem 0xfc000000-0xfdffffff window]
Oct 18 21:38:22 archlnx kernel: pci_bus 0000:04: resource 19 [mem 0xfed40000-0xfed44fff window]
Oct 18 21:38:22 archlnx kernel: pci_bus 0000:04: resource 20 [io  0x0000-0x0cf7 window]
Oct 18 21:38:22 archlnx kernel: pci_bus 0000:04: resource 21 [io  0x0d00-0xffff window]
Oct 18 21:38:22 archlnx kernel: NET: Registered protocol family 2
Oct 18 21:38:22 archlnx kernel: tcp_listen_portaddr_hash hash table entries: 4096 (order: 4, 65536 bytes, linear)
Oct 18 21:38:22 archlnx kernel: TCP established hash table entries: 65536 (order: 7, 524288 bytes, linear)
Oct 18 21:38:22 archlnx kernel: TCP bind hash table entries: 65536 (order: 8, 1048576 bytes, linear)
Oct 18 21:38:22 archlnx kernel: TCP: Hash tables configured (established 65536 bind 65536)
Oct 18 21:38:22 archlnx kernel: UDP hash table entries: 4096 (order: 5, 131072 bytes, linear)
Oct 18 21:38:22 archlnx kernel: UDP-Lite hash table entries: 4096 (order: 5, 131072 bytes, linear)
Oct 18 21:38:22 archlnx kernel: NET: Registered protocol family 1
Oct 18 21:38:22 archlnx kernel: NET: Registered protocol family 44
Oct 18 21:38:22 archlnx kernel: pci 0000:00:01.0: Video device with shadowed ROM at [mem 0x000c0000-0x000dffff]
Oct 18 21:38:22 archlnx kernel: pci 0000:00:01.1: D0 power state depends on 0000:00:01.0
Oct 18 21:38:22 archlnx kernel: pci 0000:00:12.0: enabling device (0010 -> 0012)
Oct 18 21:38:22 archlnx kernel: pci 0000:00:12.2: PME# does not work under D3, disabling it
Oct 18 21:38:22 archlnx kernel: pci 0000:00:13.0: enabling device (0010 -> 0012)
Oct 18 21:38:22 archlnx kernel: pci 0000:00:13.2: PME# does not work under D3, disabling it
Oct 18 21:38:22 archlnx kernel: pci 0000:00:14.5: enabling device (0010 -> 0012)
Oct 18 21:38:22 archlnx kernel: PCI: CLS 32 bytes, default 64
Oct 18 21:38:22 archlnx kernel: Trying to unpack rootfs image as initramfs...
Oct 18 21:38:22 archlnx kernel: Freeing initrd memory: 21180K
Oct 18 21:38:22 archlnx kernel: PCI-DMA: Using software bounce buffering for IO (SWIOTLB)
Oct 18 21:38:22 archlnx kernel: software IO TLB: mapped [mem 0x849af000-0x889af000] (64MB)
Oct 18 21:38:22 archlnx kernel: amd_uncore: AMD NB counters detected
Oct 18 21:38:22 archlnx kernel: LVT offset 0 assigned for vector 0x400
Oct 18 21:38:22 archlnx kernel: perf: AMD IBS detected (0x000001ff)
Oct 18 21:38:22 archlnx kernel: check: Scanning for low memory corruption every 60 seconds
Oct 18 21:38:22 archlnx kernel: Initialise system trusted keyrings
Oct 18 21:38:22 archlnx kernel: Key type blacklist registered
Oct 18 21:38:22 archlnx kernel: workingset: timestamp_bits=41 max_order=21 bucket_order=0
Oct 18 21:38:22 archlnx kernel: zbud: loaded
Oct 18 21:38:22 archlnx kernel: Key type asymmetric registered
Oct 18 21:38:22 archlnx kernel: Asymmetric key parser 'x509' registered
Oct 18 21:38:22 archlnx kernel: Block layer SCSI generic (bsg) driver version 0.4 loaded (major 245)
Oct 18 21:38:22 archlnx kernel: io scheduler mq-deadline registered
Oct 18 21:38:22 archlnx kernel: io scheduler kyber registered
Oct 18 21:38:22 archlnx kernel: io scheduler bfq registered
Oct 18 21:38:22 archlnx kernel: pcieport 0000:00:02.1: PME: Signaling with IRQ 24
Oct 18 21:38:22 archlnx kernel: pcieport 0000:00:02.1: pciehp: Slot #0 AttnBtn- PwrCtrl- MRL- AttnInd- PwrInd- HotPlug+ Surprise- Interlock- NoCompl+ LLActRep+
Oct 18 21:38:22 archlnx kernel: pcieport 0000:00:03.1: PME: Signaling with IRQ 25
Oct 18 21:38:22 archlnx kernel: pcieport 0000:00:03.3: PME: Signaling with IRQ 26
Oct 18 21:38:22 archlnx kernel: shpchp: Standard Hot Plug PCI Controller Driver version: 0.4
Oct 18 21:38:22 archlnx kernel: efifb: probing for efifb
Oct 18 21:38:22 archlnx kernel: efifb: showing boot graphics
Oct 18 21:38:22 archlnx kernel: efifb: framebuffer at 0xe0000000, using 8128k, total 8128k
Oct 18 21:38:22 archlnx kernel: efifb: mode is 1920x1080x32, linelength=7680, pages=1
Oct 18 21:38:22 archlnx kernel: efifb: scrolling: redraw
Oct 18 21:38:22 archlnx kernel: efifb: Truecolor: size=8:8:8:8, shift=24:16:8:0
Oct 18 21:38:22 archlnx kernel: fbcon: Deferring console take-over
Oct 18 21:38:22 archlnx kernel: fb0: EFI VGA frame buffer device
Oct 18 21:38:22 archlnx kernel: input: Power Button as /devices/LNXSYSTM:00/LNXSYBUS:00/PNP0C0C:00/input/input0
Oct 18 21:38:22 archlnx kernel: ACPI: Power Button [PWRB]
Oct 18 21:38:22 archlnx kernel: input: Lid Switch as /devices/LNXSYSTM:00/LNXSYBUS:00/PNP0C0D:00/input/input1
Oct 18 21:38:22 archlnx kernel: ACPI: Lid Switch [LID]
Oct 18 21:38:22 archlnx kernel: input: Power Button as /devices/LNXSYSTM:00/LNXPWRBN:00/input/input2
Oct 18 21:38:22 archlnx kernel: ACPI: Power Button [PWRF]
Oct 18 21:38:22 archlnx kernel: ACPI: Video Device [VGA] (multi-head: yes  rom: no  post: no)
Oct 18 21:38:22 archlnx kernel: input: Video Bus as /devices/LNXSYSTM:00/LNXSYBUS:00/PNP0A08:00/LNXVIDEO:00/input/input3
Oct 18 21:38:22 archlnx kernel: ACPI: Video Device [VGA1] (multi-head: yes  rom: no  post: no)
Oct 18 21:38:22 archlnx kernel: input: Video Bus as /devices/LNXSYSTM:00/LNXSYBUS:00/PNP0A08:00/device:09/LNXVIDEO:01/input/input4
Oct 18 21:38:22 archlnx kernel: Serial: 8250/16550 driver, 4 ports, IRQ sharing enabled
Oct 18 21:38:22 archlnx kernel: AMD-Vi: AMD IOMMUv2 driver by Joerg Roedel <jroedel@suse.de>
Oct 18 21:38:22 archlnx kernel: AMD-Vi: AMD IOMMUv2 functionality not available on this system
Oct 18 21:38:22 archlnx kernel: usbcore: registered new interface driver usbserial_generic
Oct 18 21:38:22 archlnx kernel: usbserial: USB Serial support registered for generic
Oct 18 21:38:22 archlnx kernel: rtc_cmos 00:01: RTC can wake from S4
Oct 18 21:38:22 archlnx kernel: rtc_cmos 00:01: registered as rtc0
Oct 18 21:38:22 archlnx kernel: rtc_cmos 00:01: alarms up to one month, 114 bytes nvram, hpet irqs
Oct 18 21:38:22 archlnx kernel: ledtrig-cpu: registered to indicate activity on CPUs
Oct 18 21:38:22 archlnx kernel: x86/pm: family 0x15 cpu detected, MSR saving is needed during suspending.
Oct 18 21:38:22 archlnx kernel: NET: Registered protocol family 10
Oct 18 21:38:22 archlnx kernel: Segment Routing with IPv6
Oct 18 21:38:22 archlnx kernel: NET: Registered protocol family 17
Oct 18 21:38:22 archlnx kernel: RAS: Correctable Errors collector initialized.
Oct 18 21:38:22 archlnx kernel: microcode: CPU0: patch_level=0x06003106
Oct 18 21:38:22 archlnx kernel: microcode: CPU1: patch_level=0x06003106
Oct 18 21:38:22 archlnx kernel: microcode: CPU2: patch_level=0x06003106
Oct 18 21:38:22 archlnx kernel: microcode: CPU3: patch_level=0x06003106
Oct 18 21:38:22 archlnx kernel: microcode: Microcode Update Driver: v2.2.
Oct 18 21:38:22 archlnx kernel: registered taskstats version 1
Oct 18 21:38:22 archlnx kernel: Loading compiled-in X.509 certificates
Oct 18 21:38:22 archlnx kernel: Loaded X.509 cert 'Build time autogenerated kernel key: a8f69e58fd882cfcd2571a1f28e21cb64150108f'
Oct 18 21:38:22 archlnx kernel: zswap: loaded using pool lzo/zbud
Oct 18 21:38:22 archlnx kernel: Key type big_key registered
Oct 18 21:38:22 archlnx kernel: PM:   Magic number: 7:973:647
Oct 18 21:38:22 archlnx kernel: acpi LNXCPU:00: hash matches
Oct 18 21:38:22 archlnx kernel: rtc_cmos 00:01: setting system clock to 2019-10-18T19:37:57 UTC (1571427477)
Oct 18 21:38:22 archlnx kernel: Unstable clock detected, switching default tracing clock to "global"
                                If you want to keep using the local clock, then add:
                                  "trace_clock=local"
                                on the kernel command line
Oct 18 21:38:22 archlnx kernel: Freeing unused decrypted memory: 2040K
Oct 18 21:38:22 archlnx kernel: Freeing unused kernel image memory: 1632K
Oct 18 21:38:22 archlnx kernel: Write protecting the kernel read-only data: 18432k
Oct 18 21:38:22 archlnx kernel: Freeing unused kernel image memory: 2012K
Oct 18 21:38:22 archlnx kernel: Freeing unused kernel image memory: 144K
Oct 18 21:38:22 archlnx kernel: x86/mm: Checked W+X mappings: passed, no W+X pages found.
Oct 18 21:38:22 archlnx kernel: Run /init as init process
Oct 18 21:38:22 archlnx kernel: fbcon: Taking over console
Oct 18 21:38:22 archlnx kernel: Console: switching to colour frame buffer device 240x67
Oct 18 21:38:22 archlnx kernel: i8042: PNP: PS/2 Controller [PNP0303:KBC0,PNP0f13:MSE0] at 0x60,0x64 irq 1,12
Oct 18 21:38:22 archlnx kernel: ohci_hcd: USB 1.1 'Open' Host Controller (OHCI) Driver
Oct 18 21:38:22 archlnx kernel: serio: i8042 KBD port at 0x60,0x64 irq 1
Oct 18 21:38:22 archlnx kernel: serio: i8042 AUX port at 0x60,0x64 irq 12
Oct 18 21:38:22 archlnx kernel: ehci_hcd: USB 2.0 'Enhanced' Host Controller (EHCI) Driver
Oct 18 21:38:22 archlnx kernel: Warning! ehci_hcd should always be loaded before uhci_hcd and ohci_hcd, not after
Oct 18 21:38:22 archlnx kernel: ehci-pci: EHCI PCI platform driver
Oct 18 21:38:22 archlnx kernel: QUIRK: Enable AMD PLL fix
Oct 18 21:38:22 archlnx kernel: ehci-pci 0000:00:12.2: EHCI Host Controller
Oct 18 21:38:22 archlnx kernel: ehci-pci 0000:00:12.2: new USB bus registered, assigned bus number 1
Oct 18 21:38:22 archlnx kernel: ehci-pci 0000:00:12.2: applying AMD SB700/SB800/Hudson-2/3 EHCI dummy qh workaround
Oct 18 21:38:22 archlnx kernel: ehci-pci 0000:00:12.2: debug port 1
Oct 18 21:38:22 archlnx kernel: ehci-pci 0000:00:12.2: irq 17, io mem 0xf0b4d900
Oct 18 21:38:22 archlnx kernel: cryptd: max_cpu_qlen set to 1000
Oct 18 21:38:22 archlnx kernel: SCSI subsystem initialized
Oct 18 21:38:22 archlnx kernel: ehci-pci 0000:00:12.2: USB 2.0 started, EHCI 1.00
Oct 18 21:38:22 archlnx kernel: usb usb1: New USB device found, idVendor=1d6b, idProduct=0002, bcdDevice= 5.03
Oct 18 21:38:22 archlnx kernel: usb usb1: New USB device strings: Mfr=3, Product=2, SerialNumber=1
Oct 18 21:38:22 archlnx kernel: usb usb1: Product: EHCI Host Controller
Oct 18 21:38:22 archlnx kernel: usb usb1: Manufacturer: Linux 5.3.7-arch1-1-ARCH ehci_hcd
Oct 18 21:38:22 archlnx kernel: usb usb1: SerialNumber: 0000:00:12.2
Oct 18 21:38:22 archlnx kernel: hub 1-0:1.0: USB hub found
Oct 18 21:38:22 archlnx kernel: hub 1-0:1.0: 5 ports detected
Oct 18 21:38:22 archlnx kernel: xhci_hcd 0000:00:10.0: xHCI Host Controller
Oct 18 21:38:22 archlnx kernel: xhci_hcd 0000:00:10.0: new USB bus registered, assigned bus number 2
Oct 18 21:38:22 archlnx kernel: xhci_hcd 0000:00:10.0: hcc params 0x014040c3 hci version 0x100 quirks 0x0000000000000418
Oct 18 21:38:22 archlnx kernel: usb usb2: New USB device found, idVendor=1d6b, idProduct=0002, bcdDevice= 5.03
Oct 18 21:38:22 archlnx kernel: usb usb2: New USB device strings: Mfr=3, Product=2, SerialNumber=1
Oct 18 21:38:22 archlnx kernel: usb usb2: Product: xHCI Host Controller
Oct 18 21:38:22 archlnx kernel: usb usb2: Manufacturer: Linux 5.3.7-arch1-1-ARCH xhci-hcd
Oct 18 21:38:22 archlnx kernel: usb usb2: SerialNumber: 0000:00:10.0
Oct 18 21:38:22 archlnx kernel: hub 2-0:1.0: USB hub found
Oct 18 21:38:22 archlnx kernel: hub 2-0:1.0: 2 ports detected
Oct 18 21:38:22 archlnx kernel: xhci_hcd 0000:00:10.0: xHCI Host Controller
Oct 18 21:38:22 archlnx kernel: ehci-pci 0000:00:13.2: EHCI Host Controller
Oct 18 21:38:22 archlnx kernel: ehci-pci 0000:00:13.2: new USB bus registered, assigned bus number 3
Oct 18 21:38:22 archlnx kernel: xhci_hcd 0000:00:10.0: new USB bus registered, assigned bus number 4
Oct 18 21:38:22 archlnx kernel: xhci_hcd 0000:00:10.0: Host supports USB 3.0 SuperSpeed
Oct 18 21:38:22 archlnx kernel: ehci-pci 0000:00:13.2: applying AMD SB700/SB800/Hudson-2/3 EHCI dummy qh workaround
Oct 18 21:38:22 archlnx kernel: ehci-pci 0000:00:13.2: debug port 1
Oct 18 21:38:22 archlnx kernel: ehci-pci 0000:00:13.2: irq 17, io mem 0xf0b4d800
Oct 18 21:38:22 archlnx kernel: usb usb4: We don't know the algorithms for LPM for this host, disabling LPM.
Oct 18 21:38:22 archlnx kernel: usb usb4: New USB device found, idVendor=1d6b, idProduct=0003, bcdDevice= 5.03
Oct 18 21:38:22 archlnx kernel: usb usb4: New USB device strings: Mfr=3, Product=2, SerialNumber=1
Oct 18 21:38:22 archlnx kernel: usb usb4: Product: xHCI Host Controller
Oct 18 21:38:22 archlnx kernel: usb usb4: Manufacturer: Linux 5.3.7-arch1-1-ARCH xhci-hcd
Oct 18 21:38:22 archlnx kernel: usb usb4: SerialNumber: 0000:00:10.0
Oct 18 21:38:22 archlnx kernel: hub 4-0:1.0: USB hub found
Oct 18 21:38:22 archlnx kernel: hub 4-0:1.0: 2 ports detected
Oct 18 21:38:22 archlnx kernel: ehci-pci 0000:00:13.2: USB 2.0 started, EHCI 1.00
Oct 18 21:38:22 archlnx kernel: usb usb3: New USB device found, idVendor=1d6b, idProduct=0002, bcdDevice= 5.03
Oct 18 21:38:22 archlnx kernel: usb usb3: New USB device strings: Mfr=3, Product=2, SerialNumber=1
Oct 18 21:38:22 archlnx kernel: usb usb3: Product: EHCI Host Controller
Oct 18 21:38:22 archlnx kernel: usb usb3: Manufacturer: Linux 5.3.7-arch1-1-ARCH ehci_hcd
Oct 18 21:38:22 archlnx kernel: usb usb3: SerialNumber: 0000:00:13.2
Oct 18 21:38:22 archlnx kernel: hub 3-0:1.0: USB hub found
Oct 18 21:38:22 archlnx kernel: hub 3-0:1.0: 5 ports detected
Oct 18 21:38:22 archlnx kernel: ohci-pci: OHCI PCI platform driver
Oct 18 21:38:22 archlnx kernel: ohci-pci 0000:00:12.0: OHCI PCI host controller
Oct 18 21:38:22 archlnx kernel: ohci-pci 0000:00:12.0: new USB bus registered, assigned bus number 5
Oct 18 21:38:22 archlnx kernel: ohci-pci 0000:00:12.0: irq 18, io mem 0xf0b4c000
Oct 18 21:38:22 archlnx kernel: libata version 3.00 loaded.
Oct 18 21:38:22 archlnx kernel: AVX version of gcm_enc/dec engaged.
Oct 18 21:38:22 archlnx kernel: AES CTR mode by8 optimization enabled
Oct 18 21:38:22 archlnx kernel: input: AT Translated Set 2 keyboard as /devices/platform/i8042/serio0/input/input5
Oct 18 21:38:22 archlnx kernel: ahci 0000:00:11.0: version 3.0
Oct 18 21:38:22 archlnx kernel: ahci 0000:00:11.0: AHCI 0001.0300 32 slots 2 ports 6 Gbps 0x3 impl SATA mode
Oct 18 21:38:22 archlnx kernel: ahci 0000:00:11.0: flags: 64bit ncq sntf ilck pm led clo pmp pio slum part 
Oct 18 21:38:22 archlnx kernel: scsi host0: ahci
Oct 18 21:38:22 archlnx kernel: scsi host1: ahci
Oct 18 21:38:22 archlnx kernel: ata1: SATA max UDMA/133 abar m2048@0xf0b4d000 port 0xf0b4d100 irq 32
Oct 18 21:38:22 archlnx kernel: ata2: SATA max UDMA/133 abar m2048@0xf0b4d000 port 0xf0b4d180 irq 32
Oct 18 21:38:22 archlnx kernel: usb usb5: New USB device found, idVendor=1d6b, idProduct=0001, bcdDevice= 5.03
Oct 18 21:38:22 archlnx kernel: usb usb5: New USB device strings: Mfr=3, Product=2, SerialNumber=1
Oct 18 21:38:22 archlnx kernel: usb usb5: Product: OHCI PCI host controller
Oct 18 21:38:22 archlnx kernel: usb usb5: Manufacturer: Linux 5.3.7-arch1-1-ARCH ohci_hcd
Oct 18 21:38:22 archlnx kernel: usb usb5: SerialNumber: 0000:00:12.0
Oct 18 21:38:22 archlnx kernel: hub 5-0:1.0: USB hub found
Oct 18 21:38:22 archlnx kernel: hub 5-0:1.0: 5 ports detected
Oct 18 21:38:22 archlnx kernel: ohci-pci 0000:00:13.0: OHCI PCI host controller
Oct 18 21:38:22 archlnx kernel: ohci-pci 0000:00:13.0: new USB bus registered, assigned bus number 6
Oct 18 21:38:22 archlnx kernel: ohci-pci 0000:00:13.0: irq 18, io mem 0xf0b4b000
Oct 18 21:38:22 archlnx kernel: usb usb6: New USB device found, idVendor=1d6b, idProduct=0001, bcdDevice= 5.03
Oct 18 21:38:22 archlnx kernel: usb usb6: New USB device strings: Mfr=3, Product=2, SerialNumber=1
Oct 18 21:38:22 archlnx kernel: usb usb6: Product: OHCI PCI host controller
Oct 18 21:38:22 archlnx kernel: usb usb6: Manufacturer: Linux 5.3.7-arch1-1-ARCH ohci_hcd
Oct 18 21:38:22 archlnx kernel: usb usb6: SerialNumber: 0000:00:13.0
Oct 18 21:38:22 archlnx kernel: hub 6-0:1.0: USB hub found
Oct 18 21:38:22 archlnx kernel: hub 6-0:1.0: 5 ports detected
Oct 18 21:38:22 archlnx kernel: ohci-pci 0000:00:14.5: OHCI PCI host controller
Oct 18 21:38:22 archlnx kernel: ohci-pci 0000:00:14.5: new USB bus registered, assigned bus number 7
Oct 18 21:38:22 archlnx kernel: ohci-pci 0000:00:14.5: irq 18, io mem 0xf0b4a000
Oct 18 21:38:22 archlnx kernel: usb usb7: New USB device found, idVendor=1d6b, idProduct=0001, bcdDevice= 5.03
Oct 18 21:38:22 archlnx kernel: usb usb7: New USB device strings: Mfr=3, Product=2, SerialNumber=1
Oct 18 21:38:22 archlnx kernel: usb usb7: Product: OHCI PCI host controller
Oct 18 21:38:22 archlnx kernel: usb usb7: Manufacturer: Linux 5.3.7-arch1-1-ARCH ohci_hcd
Oct 18 21:38:22 archlnx kernel: usb usb7: SerialNumber: 0000:00:14.5
Oct 18 21:38:22 archlnx kernel: hub 7-0:1.0: USB hub found
Oct 18 21:38:22 archlnx kernel: hub 7-0:1.0: 2 ports detected
Oct 18 21:38:22 archlnx kernel: usb 1-3: new high-speed USB device number 2 using ehci-pci
Oct 18 21:38:22 archlnx kernel: usb 3-1: new high-speed USB device number 2 using ehci-pci
Oct 18 21:38:22 archlnx kernel: usb 1-3: New USB device found, idVendor=0bda, idProduct=0129, bcdDevice=39.60
Oct 18 21:38:22 archlnx kernel: usb 1-3: New USB device strings: Mfr=1, Product=2, SerialNumber=3
Oct 18 21:38:22 archlnx kernel: usb 1-3: Product: USB2.0-CRW
Oct 18 21:38:22 archlnx kernel: usb 1-3: Manufacturer: Generic
Oct 18 21:38:22 archlnx kernel: usb 1-3: SerialNumber: 20100201396000000
Oct 18 21:38:22 archlnx kernel: usbcore: registered new interface driver rtsx_usb
Oct 18 21:38:22 archlnx kernel: ata1: SATA link up 6.0 Gbps (SStatus 133 SControl 300)
Oct 18 21:38:22 archlnx kernel: ata1.00: supports DRM functions and may not be fully accessible
Oct 18 21:38:22 archlnx kernel: ata1.00: ATA-11: Samsung SSD 860 EVO 500GB, RVT01B6Q, max UDMA/133
Oct 18 21:38:22 archlnx kernel: ata1.00: 976773168 sectors, multi 1: LBA48 NCQ (depth 32), AA
Oct 18 21:38:22 archlnx kernel: usb 3-1: New USB device found, idVendor=174f, idProduct=14be, bcdDevice= 3.12
Oct 18 21:38:22 archlnx kernel: usb 3-1: New USB device strings: Mfr=3, Product=1, SerialNumber=2
Oct 18 21:38:22 archlnx kernel: usb 3-1: Product: Lenovo EasyCamera
Oct 18 21:38:22 archlnx kernel: usb 3-1: Manufacturer: Generic
Oct 18 21:38:22 archlnx kernel: usb 3-1: SerialNumber: 200901010001
Oct 18 21:38:22 archlnx kernel: ata1.00: supports DRM functions and may not be fully accessible
Oct 18 21:38:22 archlnx kernel: ata1.00: configured for UDMA/133
Oct 18 21:38:22 archlnx kernel: ata2: SATA link up 1.5 Gbps (SStatus 113 SControl 300)
Oct 18 21:38:22 archlnx kernel: scsi 0:0:0:0: Direct-Access     ATA      Samsung SSD 860  1B6Q PQ: 0 ANSI: 5
Oct 18 21:38:22 archlnx kernel: ata2.00: ATAPI: HL-DT-ST DVDRAM GUA0N, AL00, max UDMA/133
Oct 18 21:38:22 archlnx kernel: ata2.00: configured for UDMA/133
Oct 18 21:38:22 archlnx kernel: scsi 1:0:0:0: CD-ROM            HL-DT-ST DVDRAM GUA0N     AL00 PQ: 0 ANSI: 5
Oct 18 21:38:22 archlnx kernel: ata1.00: Enabling discard_zeroes_data
Oct 18 21:38:22 archlnx kernel: sd 0:0:0:0: [sda] 976773168 512-byte logical blocks: (500 GB/466 GiB)
Oct 18 21:38:22 archlnx kernel: sd 0:0:0:0: [sda] Write Protect is off
Oct 18 21:38:22 archlnx kernel: sd 0:0:0:0: [sda] Mode Sense: 00 3a 00 00
Oct 18 21:38:22 archlnx kernel: sd 0:0:0:0: [sda] Write cache: enabled, read cache: enabled, doesn't support DPO or FUA
Oct 18 21:38:22 archlnx kernel: ata1.00: Enabling discard_zeroes_data
Oct 18 21:38:22 archlnx kernel:  sda: sda1 sda2
Oct 18 21:38:22 archlnx kernel: ata1.00: Enabling discard_zeroes_data
Oct 18 21:38:22 archlnx kernel: sd 0:0:0:0: [sda] supports TCG Opal
Oct 18 21:38:22 archlnx kernel: sd 0:0:0:0: [sda] Attached SCSI disk
Oct 18 21:38:22 archlnx kernel: sr 1:0:0:0: [sr0] scsi3-mmc drive: 24x/24x writer dvd-ram cd/rw xa/form2 cdda tray
Oct 18 21:38:22 archlnx kernel: cdrom: Uniform CD-ROM driver Revision: 3.20
Oct 18 21:38:22 archlnx kernel: sr 1:0:0:0: Attached scsi CD-ROM sr0
Oct 18 21:38:22 archlnx kernel: usb 6-2: new full-speed USB device number 2 using ohci-pci
Oct 18 21:38:22 archlnx kernel: device-mapper: uevent: version 1.0.3
Oct 18 21:38:22 archlnx kernel: device-mapper: ioctl: 4.40.0-ioctl (2019-01-18) initialised: dm-devel@redhat.com
Oct 18 21:38:22 archlnx kernel: random: cryptsetup: uninitialized urandom read (4 bytes read)
Oct 18 21:38:22 archlnx kernel: random: cryptsetup: uninitialized urandom read (4 bytes read)
Oct 18 21:38:22 archlnx kernel: usb 6-2: New USB device found, idVendor=0bda, idProduct=b728, bcdDevice= 2.00
Oct 18 21:38:22 archlnx kernel: usb 6-2: New USB device strings: Mfr=1, Product=2, SerialNumber=3
Oct 18 21:38:22 archlnx kernel: usb 6-2: Product: Bluetooth Radio 
Oct 18 21:38:22 archlnx kernel: usb 6-2: Manufacturer: Realtek 
Oct 18 21:38:22 archlnx kernel: usb 6-2: SerialNumber: 00e04c000001
Oct 18 21:38:22 archlnx kernel: random: crng init done
Oct 18 21:38:22 archlnx kernel: EXT4-fs (dm-1): mounted filesystem with ordered data mode. Opts: (null)
Oct 18 21:38:22 archlnx systemd[1]: systemd 243.51-1-arch running in system mode. (+PAM +AUDIT -SELINUX -IMA -APPARMOR +SMACK -SYSVINIT +UTMP +LIBCRYPTSETUP +GCRYPT +GNUTLS +ACL +XZ +LZ4 +SECCOMP +BLKID +ELFUTILS +KMOD +IDN2 -IDN +PCRE2 default-hierarchy=hybrid)
Oct 18 21:38:22 archlnx systemd[1]: Detected architecture x86-64.
Oct 18 21:38:22 archlnx systemd[1]: Set hostname to <archlnx>.
Oct 18 21:38:22 archlnx systemd[1]: Created slice system-getty.slice.
Oct 18 21:38:22 archlnx systemd[1]: Created slice system-systemd\x2dfsck.slice.
Oct 18 21:38:22 archlnx systemd[1]: Created slice User and Session Slice.
Oct 18 21:38:22 archlnx systemd[1]: Started Dispatch Password Requests to Console Directory Watch.
Oct 18 21:38:22 archlnx systemd[1]: Started Forward Password Requests to Wall Directory Watch.
Oct 18 21:38:22 archlnx systemd[1]: Set up automount Arbitrary Executable File Formats File System Automount Point.
Oct 18 21:38:22 archlnx systemd[1]: Reached target Local Encrypted Volumes.
Oct 18 21:38:22 archlnx kernel: EXT4-fs (dm-1): re-mounted. Opts: (null)
Oct 18 21:38:22 archlnx kernel: Adding 8388604k swap on /swapfile.  Priority:-2 extents:7 across:9084924k SSFS
Oct 18 21:38:22 archlnx kernel: audit: type=1130 audit(1571427502.579:2): pid=1 uid=0 auid=4294967295 ses=4294967295 msg='unit=systemd-udevd comm="systemd" exe="/usr/lib/systemd/systemd" hostname=? addr=? terminal=? res=success'
Oct 18 21:38:22 archlnx systemd-journald[434]: Journal started
Oct 18 21:38:22 archlnx systemd-journald[434]: Runtime Journal (/run/log/journal/4c9728af385f400da201ca56e7f77358) is 8.0M, max 344.3M, 336.3M free.
Oct 18 21:38:22 archlnx audit[1]: SERVICE_START pid=1 uid=0 auid=4294967295 ses=4294967295 msg='unit=systemd-udevd comm="systemd" exe="/usr/lib/systemd/systemd" hostname=? addr=? terminal=? res=success'
Oct 18 21:38:22 archlnx audit[1]: SERVICE_START pid=1 uid=0 auid=4294967295 ses=4294967295 msg='unit=systemd-journald comm="systemd" exe="/usr/lib/systemd/systemd" hostname=? addr=? terminal=? res=success'
Oct 18 21:38:22 archlnx systemd-modules-load[421]: Inserted module 'crypto_user'
Oct 18 21:38:22 archlnx systemd-udevd[435]: /usr/lib/udev/rules.d/11-dm-lvm.rules:40 Invalid value for OPTIONS key, ignoring: 'event_timeout=180'
Oct 18 21:38:22 archlnx systemd-udevd[435]: /usr/lib/udev/rules.d/11-dm-lvm.rules:40 The line takes no effect, ignoring.
Oct 18 21:38:22 archlnx systemd[1]: Starting Flush Journal to Persistent Storage...
Oct 18 21:38:22 archlnx kernel: audit: type=1130 audit(1571427502.613:3): pid=1 uid=0 auid=4294967295 ses=4294967295 msg='unit=systemd-journald comm="systemd" exe="/usr/lib/systemd/systemd" hostname=? addr=? terminal=? res=success'
Oct 18 21:38:22 archlnx haveged[433]: haveged: listening socket at 3
Oct 18 21:38:22 archlnx haveged[433]: haveged: ver: 1.9.8; arch: x86; vend: ; build: (gcc 9.1.0 ITV); collect: 128K
Oct 18 21:38:22 archlnx haveged[433]: haveged: cpu: (VC); data: 16K (D V); inst: 96K (V); idx: 39/40; sz: 52623/52623
Oct 18 21:38:22 archlnx haveged[433]: haveged: tot tests(BA8): A:1/1 B:1/1 continuous tests(B):  last entropy estimate 7.99865
Oct 18 21:38:22 archlnx haveged[433]: haveged: fills: 0, generated: 0
Oct 18 21:38:22 archlnx systemd-journald[434]: Time spent on flushing to /var is 85.983ms for 810 entries.
Oct 18 21:38:22 archlnx systemd-journald[434]: System Journal (/var/log/journal/4c9728af385f400da201ca56e7f77358) is 96.0M, max 3.9G, 3.8G free.
Oct 18 21:38:22 archlnx kernel: ACPI: AC Adapter [ADP0] (on-line)
Oct 18 21:38:22 archlnx kernel: acpi_cpufreq: overriding BIOS provided _PSD data
Oct 18 21:38:22 archlnx systemd[1]: Started Flush Journal to Persistent Storage.
Oct 18 21:38:22 archlnx audit[1]: SERVICE_START pid=1 uid=0 auid=4294967295 ses=4294967295 msg='unit=systemd-journal-flush comm="systemd" exe="/usr/lib/systemd/systemd" hostname=? addr=? terminal=? res=success'
Oct 18 21:38:22 archlnx kernel: audit: type=1130 audit(1571427502.746:4): pid=1 uid=0 auid=4294967295 ses=4294967295 msg='unit=systemd-journal-flush comm="systemd" exe="/usr/lib/systemd/systemd" hostname=? addr=? terminal=? res=success'
Oct 18 21:38:22 archlnx kernel: ACPI Warning: SystemIO range 0x0000000000000B00-0x0000000000000B08 conflicts with OpRegion 0x0000000000000B00-0x0000000000000B0F (\_SB.PCI0.SMB.SMB0) (20190703/utaddress-204)
Oct 18 21:38:22 archlnx kernel: ACPI: If an ACPI driver is available for this device, you should use it instead of the native driver
Oct 18 21:38:22 archlnx kernel: sp5100_tco: SP5100/SB800 TCO WatchDog Timer Driver
Oct 18 21:38:22 archlnx kernel: sp5100-tco sp5100-tco: Using 0xfed80b00 for watchdog MMIO address
Oct 18 21:38:22 archlnx kernel: sp5100-tco sp5100-tco: initialized. heartbeat=60 sec (nowayout=0)
Oct 18 21:38:22 archlnx mtp-probe[465]: checking bus 3, device 2: "/sys/devices/pci0000:00/0000:00:13.2/usb3/3-1"
Oct 18 21:38:22 archlnx mtp-probe[465]: bus: 3, device: 2 was not an MTP device
Oct 18 21:38:22 archlnx mtp-probe[463]: checking bus 1, device 2: "/sys/devices/pci0000:00/0000:00:12.2/usb1/1-3"
Oct 18 21:38:22 archlnx kernel: input: Ideapad extra buttons as /devices/pci0000:00/0000:00:14.3/PNP0C09:00/VPC2004:00/input/input7
Oct 18 21:38:22 archlnx kernel: libphy: r8169: probed
Oct 18 21:38:22 archlnx kernel: r8169 0000:02:00.0 eth0: RTL8168gu/8111gu, 68:f7:28:0d:3c:87, XID 509, IRQ 34
Oct 18 21:38:22 archlnx kernel: r8169 0000:02:00.0 eth0: jumbo features [frames: 9200 bytes, tx checksumming: ko]
Oct 18 21:38:22 archlnx kernel: Linux agpgart interface v0.103
Oct 18 21:38:22 archlnx kernel: battery: ACPI: Battery Slot [BAT0] (battery present)
Oct 18 21:38:22 archlnx mtp-probe[463]: bus: 1, device: 2 was not an MTP device
Oct 18 21:38:22 archlnx kernel: mc: Linux media interface: v0.10
Oct 18 21:38:22 archlnx kernel: cfg80211: Loading compiled-in X.509 certificates for regulatory database
Oct 18 21:38:22 archlnx systemd[1]: Found device Samsung_SSD_860_EVO_500GB EFI\x20System.
Oct 18 21:38:22 archlnx kernel: cfg80211: Loaded X.509 cert 'sforshee: 00b28ddf47aef9cea7'
Oct 18 21:38:23 archlnx kernel: input: PC Speaker as /devices/platform/pcspkr/input/input8
Oct 18 21:38:23 archlnx kernel: Bluetooth: Core ver 2.22
Oct 18 21:38:23 archlnx kernel: NET: Registered protocol family 31
Oct 18 21:38:23 archlnx kernel: Bluetooth: HCI device and connection manager initialized
Oct 18 21:38:23 archlnx kernel: Bluetooth: HCI socket layer initialized
Oct 18 21:38:23 archlnx kernel: Bluetooth: L2CAP socket layer initialized
Oct 18 21:38:23 archlnx kernel: Bluetooth: SCO socket layer initialized
Oct 18 21:38:23 archlnx kernel: videodev: Linux video capture interface: v2.00
Oct 18 21:38:23 archlnx lvm[420]:   2 logical volume(s) in volume group "MyVolGroup" monitored
Oct 18 21:38:23 archlnx kernel: usbcore: registered new interface driver btusb
Oct 18 21:38:23 archlnx kernel: Bluetooth: hci0: RTL: rtl: examining hci_ver=06 hci_rev=000b lmp_ver=06 lmp_subver=8723
Oct 18 21:38:23 archlnx kernel: snd_hda_intel 0000:00:01.1: Force to non-snoop mode
Oct 18 21:38:23 archlnx kernel: Bluetooth: hci0: RTL: rom_version status=0 version=1
Oct 18 21:38:23 archlnx kernel: Bluetooth: hci0: RTL: rtl: loading rtl_bt/rtl8723b_fw.bin
Oct 18 21:38:23 archlnx kernel: Bluetooth: hci0: RTL: rtl: loading rtl_bt/rtl8723b_config.bin
Oct 18 21:38:23 archlnx kernel: bluetooth hci0: Direct firmware load for rtl_bt/rtl8723b_config.bin failed with error -2
Oct 18 21:38:23 archlnx kernel: Bluetooth: hci0: RTL: cfg_sz -2, total sz 22496
Oct 18 21:38:23 archlnx systemd[1]: Started Monitoring of LVM2 mirrors, snapshots etc. using dmeventd or progress polling.
Oct 18 21:38:23 archlnx audit[1]: SERVICE_START pid=1 uid=0 auid=4294967295 ses=4294967295 msg='unit=lvm2-monitor comm="systemd" exe="/usr/lib/systemd/systemd" hostname=? addr=? terminal=? res=success'
Oct 18 21:38:23 archlnx systemd[1]: Reached target Local File Systems (Pre).
Oct 18 21:38:23 archlnx systemd[1]: Condition check resulted in Virtual Machine and Container Storage (Compatibility) being skipped.
Oct 18 21:38:23 archlnx kernel: audit: type=1130 audit(1571427503.113:5): pid=1 uid=0 auid=4294967295 ses=4294967295 msg='unit=lvm2-monitor comm="systemd" exe="/usr/lib/systemd/systemd" hostname=? addr=? terminal=? res=success'
Oct 18 21:38:23 archlnx systemd[1]: Starting File System Check on /dev/disk/by-uuid/4C37-D1C9...
Oct 18 21:38:23 archlnx kernel: input: HDA ATI HDMI HDMI/DP,pcm=3 as /devices/pci0000:00/0000:00:01.1/sound/card0/input10
Oct 18 21:38:23 archlnx kernel: snd_hda_codec_conexant hdaudioC1D0: CX20751/2: BIOS auto-probing.
Oct 18 21:38:23 archlnx kernel: snd_hda_codec_conexant hdaudioC1D0: autoconfig for CX20751/2: line_outs=1 (0x17/0x0/0x0/0x0/0x0) type:speaker
Oct 18 21:38:23 archlnx kernel: snd_hda_codec_conexant hdaudioC1D0:    speaker_outs=0 (0x0/0x0/0x0/0x0/0x0)
Oct 18 21:38:23 archlnx kernel: snd_hda_codec_conexant hdaudioC1D0:    hp_outs=1 (0x16/0x0/0x0/0x0/0x0)
Oct 18 21:38:23 archlnx kernel: snd_hda_codec_conexant hdaudioC1D0:    mono: mono_out=0x0
Oct 18 21:38:23 archlnx kernel: snd_hda_codec_conexant hdaudioC1D0:    inputs:
Oct 18 21:38:23 archlnx kernel: snd_hda_codec_conexant hdaudioC1D0:      Internal Mic=0x1a
Oct 18 21:38:23 archlnx kernel: snd_hda_codec_conexant hdaudioC1D0:      Mic=0x19
Oct 18 21:38:23 archlnx systemd-fsck[482]: fsck.fat 4.1 (2017-01-24)
Oct 18 21:38:23 archlnx systemd-fsck[482]: /dev/sda1: 322 files, 19092/130812 clusters
Oct 18 21:38:23 archlnx systemd[1]: Started File System Check on /dev/disk/by-uuid/4C37-D1C9.
Oct 18 21:38:23 archlnx audit[1]: SERVICE_START pid=1 uid=0 auid=4294967295 ses=4294967295 msg='unit=systemd-fsck@dev-disk-by\x2duuid-4C37\x2dD1C9 comm="systemd" exe="/usr/lib/systemd/systemd" hostname=? addr=? terminal=? res=success'
Oct 18 21:38:23 archlnx kernel: audit: type=1130 audit(1571427503.173:6): pid=1 uid=0 auid=4294967295 ses=4294967295 msg='unit=systemd-fsck@dev-disk-by\x2duuid-4C37\x2dD1C9 comm="systemd" exe="/usr/lib/systemd/systemd" hostname=? addr=? terminal=? res=success'
Oct 18 21:38:23 archlnx systemd[1]: Mounting /boot...
Oct 18 21:38:23 archlnx kernel: input: HD-Audio Generic Mic as /devices/pci0000:00/0000:00:14.2/sound/card1/input11
Oct 18 21:38:23 archlnx kernel: input: HD-Audio Generic Headphone as /devices/pci0000:00/0000:00:14.2/sound/card1/input12
Oct 18 21:38:23 archlnx systemd-udevd[439]: ethtool: autonegotiation is unset or enabled, the speed and duplex are not writable.
Oct 18 21:38:23 archlnx systemd[1]: Created slice system-lvm2\x2dpvscan.slice.
Oct 18 21:38:23 archlnx systemd[1]: Starting LVM2 PV scan on device 254:0...
Oct 18 21:38:23 archlnx systemd[1]: Mounted /boot.
Oct 18 21:38:23 archlnx systemd[1]: Listening on Load/Save RF Kill Switch Status /dev/rfkill Watch.
Oct 18 21:38:23 archlnx systemd[1]: Starting Load/Save RF Kill Switch Status...
Oct 18 21:38:23 archlnx lvm[496]:   pvscan[496] VG MyVolGroup skip autoactivation.
Oct 18 21:38:23 archlnx kernel: uvcvideo: Found UVC 1.00 device Lenovo EasyCamera (174f:14be)
Oct 18 21:38:23 archlnx kernel: uvcvideo 3-1:1.0: Entity type for entity Extension 4 was not initialized!
Oct 18 21:38:23 archlnx kernel: uvcvideo 3-1:1.0: Entity type for entity Processing 2 was not initialized!
Oct 18 21:38:23 archlnx kernel: uvcvideo 3-1:1.0: Entity type for entity Camera 1 was not initialized!
Oct 18 21:38:23 archlnx kernel: input: Lenovo EasyCamera: Lenovo EasyC as /devices/pci0000:00/0000:00:13.2/usb3/3-1/3-1:1.0/input/input13
Oct 18 21:38:23 archlnx kernel: usbcore: registered new interface driver uvcvideo
Oct 18 21:38:23 archlnx kernel: USB Video Class driver (1.1.1)
Oct 18 21:38:23 archlnx systemd[1]: Found device /dev/disk/by-uuid/d0230b0e-7438-462c-8e9c-49fcbb03752f.
Oct 18 21:38:23 archlnx systemd[1]: Starting File System Check on /dev/disk/by-uuid/d0230b0e-7438-462c-8e9c-49fcbb03752f...
Oct 18 21:38:23 archlnx systemd-udevd[451]: Using default interface naming scheme 'v243'.
Oct 18 21:38:23 archlnx systemd-udevd[451]: ethtool: autonegotiation is unset or enabled, the speed and duplex are not writable.
Oct 18 21:38:23 archlnx kernel: r8169 0000:02:00.0 enp2s0: renamed from eth0
Oct 18 21:38:23 archlnx audit[1]: SERVICE_START pid=1 uid=0 auid=4294967295 ses=4294967295 msg='unit=lvm2-pvscan@254:0 comm="systemd" exe="/usr/lib/systemd/systemd" hostname=? addr=? terminal=? res=success'
Oct 18 21:38:23 archlnx systemd[1]: Started LVM2 PV scan on device 254:0.
Oct 18 21:38:23 archlnx kernel: audit: type=1130 audit(1571427503.339:7): pid=1 uid=0 auid=4294967295 ses=4294967295 msg='unit=lvm2-pvscan@254:0 comm="systemd" exe="/usr/lib/systemd/systemd" hostname=? addr=? terminal=? res=success'
Oct 18 21:38:23 archlnx systemd-fsck[507]: /dev/mapper/MyVolGroup-home: clean, 6366/19513344 files, 1653552/78031872 blocks
Oct 18 21:38:23 archlnx audit[1]: SERVICE_START pid=1 uid=0 auid=4294967295 ses=4294967295 msg='unit=systemd-fsck@dev-disk-by\x2duuid-d0230b0e\x2d7438\x2d462c\x2d8e9c\x2d49fcbb03752f comm="systemd" exe="/usr/lib/systemd/systemd" hostname=? addr=? terminal=? res=success'
Oct 18 21:38:23 archlnx systemd[1]: Started File System Check on /dev/disk/by-uuid/d0230b0e-7438-462c-8e9c-49fcbb03752f.
Oct 18 21:38:23 archlnx systemd[1]: Mounting /home...
Oct 18 21:38:23 archlnx kernel: audit: type=1130 audit(1571427503.356:8): pid=1 uid=0 auid=4294967295 ses=4294967295 msg='unit=systemd-fsck@dev-disk-by\x2duuid-d0230b0e\x2d7438\x2d462c\x2d8e9c\x2d49fcbb03752f comm="systemd" exe="/usr/lib/systemd/systemd" hostname=? addr=? terminal=? res=success'
Oct 18 21:38:23 archlnx kernel: kvm: Nested Virtualization enabled
Oct 18 21:38:23 archlnx kernel: kvm: Nested Paging enabled
Oct 18 21:38:23 archlnx kernel: EXT4-fs (dm-2): mounted filesystem with ordered data mode. Opts: (null)
Oct 18 21:38:23 archlnx systemd[1]: Mounted /home.
Oct 18 21:38:23 archlnx systemd[1]: Reached target Local File Systems.
Oct 18 21:38:23 archlnx systemd[1]: Condition check resulted in Rebuild Dynamic Linker Cache being skipped.
Oct 18 21:38:23 archlnx systemd[1]: Condition check resulted in Store a System Token in an EFI Variable being skipped.
Oct 18 21:38:23 archlnx systemd[1]: Condition check resulted in Commit a transient machine-id on disk being skipped.
Oct 18 21:38:23 archlnx systemd[1]: Starting Create Volatile Files and Directories...
Oct 18 21:38:23 archlnx kernel: MCE: In-kernel MCE decoding enabled.
Oct 18 21:38:23 archlnx systemd[1]: Started Create Volatile Files and Directories.
Oct 18 21:38:23 archlnx audit[1]: SERVICE_START pid=1 uid=0 auid=4294967295 ses=4294967295 msg='unit=systemd-tmpfiles-setup comm="systemd" exe="/usr/lib/systemd/systemd" hostname=? addr=? terminal=? res=success'
Oct 18 21:38:23 archlnx systemd[1]: Reached target Bluetooth.
Oct 18 21:38:23 archlnx systemd[1]: Condition check resulted in Rebuild Journal Catalog being skipped.
Oct 18 21:38:23 archlnx kernel: audit: type=1130 audit(1571427503.409:9): pid=1 uid=0 auid=4294967295 ses=4294967295 msg='unit=systemd-tmpfiles-setup comm="systemd" exe="/usr/lib/systemd/systemd" hostname=? addr=? terminal=? res=success'
Oct 18 21:38:23 archlnx systemd-udevd[447]: cfg80211: Process '/usr/bin/set-wireless-regdom' failed with exit code 1.
Oct 18 21:38:23 archlnx systemd[1]: Starting Network Time Synchronization...
Oct 18 21:38:23 archlnx systemd[1]: Condition check resulted in Update is Completed being skipped.
Oct 18 21:38:23 archlnx systemd[1]: Starting Update UTMP about System Boot/Shutdown...
Oct 18 21:38:23 archlnx audit[521]: SYSTEM_BOOT pid=521 uid=0 auid=4294967295 ses=4294967295 msg=' comm="systemd-update-utmp" exe="/usr/lib/systemd/systemd-update-utmp" hostname=? addr=? terminal=? res=success'
Oct 18 21:38:23 archlnx kernel: audit: type=1127 audit(1571427503.423:10): pid=521 uid=0 auid=4294967295 ses=4294967295 msg=' comm="systemd-update-utmp" exe="/usr/lib/systemd/systemd-update-utmp" hostname=? addr=? terminal=? res=success'
Oct 18 21:38:23 archlnx systemd[1]: Started Update UTMP about System Boot/Shutdown.
Oct 18 21:38:23 archlnx audit[1]: SERVICE_START pid=1 uid=0 auid=4294967295 ses=4294967295 msg='unit=systemd-update-utmp comm="systemd" exe="/usr/lib/systemd/systemd" hostname=? addr=? terminal=? res=success'
Oct 18 21:38:23 archlnx kernel: audit: type=1130 audit(1571427503.429:11): pid=1 uid=0 auid=4294967295 ses=4294967295 msg='unit=systemd-update-utmp comm="systemd" exe="/usr/lib/systemd/systemd" hostname=? addr=? terminal=? res=success'
Oct 18 21:38:23 archlnx kernel: EDAC amd64: Node 0: DRAM ECC disabled.
Oct 18 21:38:23 archlnx kernel: EDAC amd64: ECC disabled in the BIOS or no ECC capability, module will not load.
                                 Either enable ECC checking or force module loading by setting 'ecc_enable_override'.
                                 (Note that use of the override may cause unknown side effects.)
Oct 18 21:38:23 archlnx systemd[1]: Started Load/Save RF Kill Switch Status.
Oct 18 21:38:23 archlnx audit[1]: SERVICE_START pid=1 uid=0 auid=4294967295 ses=4294967295 msg='unit=systemd-rfkill comm="systemd" exe="/usr/lib/systemd/systemd" hostname=? addr=? terminal=? res=success'
Oct 18 21:38:23 archlnx systemd[1]: Reached target Sound Card.
Oct 18 21:38:23 archlnx kernel: EDAC amd64: Node 0: DRAM ECC disabled.
Oct 18 21:38:23 archlnx kernel: EDAC amd64: ECC disabled in the BIOS or no ECC capability, module will not load.
                                 Either enable ECC checking or force module loading by setting 'ecc_enable_override'.
                                 (Note that use of the override may cause unknown side effects.)
Oct 18 21:38:23 archlnx systemd-udevd[445]: Using default interface naming scheme 'v243'.
Oct 18 21:38:23 archlnx kernel: rtl8723be: Using firmware rtlwifi/rtl8723befw_36.bin
Oct 18 21:38:23 archlnx kernel: ieee80211 phy0: Selected rate control algorithm 'rtl_rc'
Oct 18 21:38:23 archlnx kernel: rtlwifi: rtlwifi: wireless switch is on
Oct 18 21:38:23 archlnx kernel: EDAC amd64: Node 0: DRAM ECC disabled.
Oct 18 21:38:23 archlnx kernel: EDAC amd64: ECC disabled in the BIOS or no ECC capability, module will not load.
                                 Either enable ECC checking or force module loading by setting 'ecc_enable_override'.
                                 (Note that use of the override may cause unknown side effects.)
Oct 18 21:38:23 archlnx systemd-udevd[454]: Using default interface naming scheme 'v243'.
Oct 18 21:38:23 archlnx systemd-udevd[454]: ethtool: autonegotiation is unset or enabled, the speed and duplex are not writable.
Oct 18 21:38:23 archlnx kernel: rtl8723be 0000:03:00.0 wlp3s0: renamed from wlan0
Oct 18 21:38:23 archlnx kernel: EDAC amd64: Node 0: DRAM ECC disabled.
Oct 18 21:38:23 archlnx kernel: EDAC amd64: ECC disabled in the BIOS or no ECC capability, module will not load.
                                 Either enable ECC checking or force module loading by setting 'ecc_enable_override'.
                                 (Note that use of the override may cause unknown side effects.)
Oct 18 21:38:23 archlnx kernel: [drm] radeon kernel modesetting enabled.
Oct 18 21:38:23 archlnx kernel: vga_switcheroo: detected switching method \_SB_.PCI0.VGA_.ATPX handle
Oct 18 21:38:23 archlnx kernel: ATPX version 1, functions 0x00000003
Oct 18 21:38:23 archlnx kernel: radeon 0000:00:01.0: remove_conflicting_pci_framebuffers: bar 0: 0xe0000000 -> 0xefffffff
Oct 18 21:38:23 archlnx kernel: radeon 0000:00:01.0: remove_conflicting_pci_framebuffers: bar 2: 0xf0000000 -> 0xf07fffff
Oct 18 21:38:23 archlnx kernel: radeon 0000:00:01.0: remove_conflicting_pci_framebuffers: bar 5: 0xf0b00000 -> 0xf0b3ffff
Oct 18 21:38:23 archlnx kernel: checking generic (e0000000 7f0000) vs hw (e0000000 10000000)
Oct 18 21:38:23 archlnx kernel: fb0: switching to radeondrmfb from EFI VGA
Oct 18 21:38:23 archlnx kernel: Console: switching to colour dummy device 80x25
Oct 18 21:38:23 archlnx kernel: radeon 0000:00:01.0: vgaarb: deactivate vga console
Oct 18 21:38:23 archlnx kernel: [drm] initializing kernel modesetting (KAVERI 0x1002:0x1309 0x17AA:0x3830 0x00).
Oct 18 21:38:23 archlnx kernel: [drm] doorbell mmio base: 0xF0000000
Oct 18 21:38:23 archlnx kernel: [drm] doorbell mmio size: 8388608
Oct 18 21:38:23 archlnx kernel: ATOM BIOS: 113
Oct 18 21:38:23 archlnx kernel: [drm] Changing default dispclk from 533Mhz to 600Mhz
Oct 18 21:38:23 archlnx kernel: radeon 0000:00:01.0: VRAM: 1024M 0x0000000000000000 - 0x000000003FFFFFFF (1024M used)
Oct 18 21:38:23 archlnx kernel: radeon 0000:00:01.0: GTT: 2048M 0x0000000040000000 - 0x00000000BFFFFFFF
Oct 18 21:38:23 archlnx kernel: [drm] Detected VRAM RAM=1024M, BAR=256M
Oct 18 21:38:23 archlnx kernel: [drm] RAM width 128bits DDR
Oct 18 21:38:23 archlnx kernel: [TTM] Zone  kernel: Available graphics memory: 3525824 KiB
Oct 18 21:38:23 archlnx kernel: [TTM] Zone   dma32: Available graphics memory: 2097152 KiB
Oct 18 21:38:23 archlnx kernel: [TTM] Initializing pool allocator
Oct 18 21:38:23 archlnx kernel: [TTM] Initializing DMA pool allocator
Oct 18 21:38:23 archlnx kernel: [drm] radeon: 1024M of VRAM memory ready
Oct 18 21:38:23 archlnx kernel: [drm] radeon: 2048M of GTT memory ready.
Oct 18 21:38:23 archlnx kernel: [drm] Loading kaveri Microcode
Oct 18 21:38:23 archlnx kernel: [drm] Internal thermal controller without fan control
Oct 18 21:38:23 archlnx kernel: [drm] radeon: dpm initialized
Oct 18 21:38:23 archlnx kernel: [drm] Found UVD firmware Version: 1.64 Family ID: 9
Oct 18 21:38:23 archlnx kernel: [drm] Found VCE firmware/feedback version 40.2.2 / 15!
Oct 18 21:38:23 archlnx kernel: [drm] GART: num cpu pages 524288, num gpu pages 524288
Oct 18 21:38:23 archlnx kernel: [drm] PCIE GART of 2048M enabled (table at 0x000000000030E000).
Oct 18 21:38:23 archlnx kernel: radeon 0000:00:01.0: WB enabled
Oct 18 21:38:23 archlnx kernel: radeon 0000:00:01.0: fence driver on ring 0 use gpu addr 0x0000000040000c00 and cpu addr 0x00000000ead65e79
Oct 18 21:38:23 archlnx kernel: radeon 0000:00:01.0: fence driver on ring 1 use gpu addr 0x0000000040000c04 and cpu addr 0x00000000d51d25db
Oct 18 21:38:23 archlnx kernel: radeon 0000:00:01.0: fence driver on ring 2 use gpu addr 0x0000000040000c08 and cpu addr 0x000000004794b632
Oct 18 21:38:23 archlnx kernel: radeon 0000:00:01.0: fence driver on ring 3 use gpu addr 0x0000000040000c0c and cpu addr 0x00000000fa20dc30
Oct 18 21:38:23 archlnx kernel: radeon 0000:00:01.0: fence driver on ring 4 use gpu addr 0x0000000040000c10 and cpu addr 0x00000000a35459b7
Oct 18 21:38:23 archlnx kernel: radeon 0000:00:01.0: fence driver on ring 5 use gpu addr 0x0000000000078d30 and cpu addr 0x00000000e79d9595
Oct 18 21:38:23 archlnx kernel: radeon 0000:00:01.0: fence driver on ring 6 use gpu addr 0x0000000040000c18 and cpu addr 0x000000004c89f182
Oct 18 21:38:23 archlnx kernel: radeon 0000:00:01.0: fence driver on ring 7 use gpu addr 0x0000000040000c1c and cpu addr 0x000000000c22738a
Oct 18 21:38:23 archlnx kernel: [drm] Supports vblank timestamp caching Rev 2 (21.10.2013).
Oct 18 21:38:23 archlnx kernel: [drm] Driver supports precise vblank timestamp query.
Oct 18 21:38:23 archlnx kernel: radeon 0000:00:01.0: radeon: using MSI.
Oct 18 21:38:23 archlnx kernel: [drm] radeon: irq initialized.
Oct 18 21:38:23 archlnx kernel: [drm] ring test on 0 succeeded in 3 usecs
Oct 18 21:38:23 archlnx kernel: [drm] ring test on 1 succeeded in 2 usecs
Oct 18 21:38:23 archlnx kernel: [drm] ring test on 2 succeeded in 3 usecs
Oct 18 21:38:23 archlnx kernel: [drm] ring test on 3 succeeded in 4 usecs
Oct 18 21:38:23 archlnx kernel: [drm] ring test on 4 succeeded in 4 usecs
Oct 18 21:38:23 archlnx kernel: [drm] ring test on 5 succeeded in 2 usecs
Oct 18 21:38:23 archlnx kernel: [drm] UVD initialized successfully.
Oct 18 21:38:23 archlnx kernel: [drm] ring test on 6 succeeded in 17 usecs
Oct 18 21:38:23 archlnx kernel: [drm] ring test on 7 succeeded in 3 usecs
Oct 18 21:38:23 archlnx kernel: [drm] VCE initialized successfully.
Oct 18 21:38:23 archlnx kernel: [drm] ib test on ring 0 succeeded in 0 usecs
Oct 18 21:38:23 archlnx kernel: psmouse serio1: synaptics: queried max coordinates: x [..5670], y [..4794]
Oct 18 21:38:24 archlnx kernel: psmouse serio1: synaptics: queried min coordinates: x [1314..], y [1098..]
Oct 18 21:38:24 archlnx kernel: psmouse serio1: synaptics: Touchpad model: 1, fw: 8.1, id: 0x1e2b1, caps: 0xd00123/0x840300/0x2a800/0x0, board id: 2848, fw id: 1581875
Oct 18 21:38:24 archlnx kernel: input: SynPS/2 Synaptics TouchPad as /devices/platform/i8042/serio1/input/input9
Oct 18 21:38:24 archlnx kernel: mousedev: PS/2 mouse device common for all mice
Oct 18 21:38:24 archlnx systemd[1]: Started Network Time Synchronization.
Oct 18 21:38:24 archlnx audit[1]: SERVICE_START pid=1 uid=0 auid=4294967295 ses=4294967295 msg='unit=systemd-timesyncd comm="systemd" exe="/usr/lib/systemd/systemd" hostname=? addr=? terminal=? res=success'
Oct 18 21:38:24 archlnx systemd[1]: Reached target System Initialization.
Oct 18 21:38:24 archlnx systemd[1]: Started CUPS Scheduler.
Oct 18 21:38:24 archlnx systemd[1]: Started Daily Cleanup of Temporary Directories.
Oct 18 21:38:24 archlnx systemd[1]: Reached target Paths.
Oct 18 21:38:24 archlnx systemd[1]: Reached target System Time Set.
Oct 18 21:38:24 archlnx systemd[1]: Reached target System Time Synchronized.
Oct 18 21:38:24 archlnx systemd[1]: Started Discard unused blocks once a week.
Oct 18 21:38:24 archlnx systemd[1]: Started Daily man-db regeneration.
Oct 18 21:38:24 archlnx systemd[1]: Started Daily verification of password and group files.
Oct 18 21:38:24 archlnx systemd[1]: Reached target Timers.
Oct 18 21:38:24 archlnx systemd[1]: Listening on Avahi mDNS/DNS-SD Stack Activation Socket.
Oct 18 21:38:24 archlnx systemd[1]: Listening on D-Bus System Message Bus Socket.
Oct 18 21:38:24 archlnx systemd[1]: Listening on CUPS Scheduler.
Oct 18 21:38:24 archlnx systemd[1]: Reached target Sockets.
Oct 18 21:38:24 archlnx systemd[1]: Reached target Basic System.
Oct 18 21:38:24 archlnx systemd[1]: Started ACPI event daemon.
Oct 18 21:38:24 archlnx audit[1]: SERVICE_START pid=1 uid=0 auid=4294967295 ses=4294967295 msg='unit=acpid comm="systemd" exe="/usr/lib/systemd/systemd" hostname=? addr=? terminal=? res=success'
Oct 18 21:38:24 archlnx systemd[1]: Starting Avahi mDNS/DNS-SD Stack...
Oct 18 21:38:24 archlnx systemd[1]: Started D-Bus System Message Bus.
Oct 18 21:38:24 archlnx audit[1]: SERVICE_START pid=1 uid=0 auid=4294967295 ses=4294967295 msg='unit=dbus comm="systemd" exe="/usr/lib/systemd/systemd" hostname=? addr=? terminal=? res=success'
Oct 18 21:38:24 archlnx systemd[1]: Starting Network Manager...
Oct 18 21:38:24 archlnx systemd[1]: Starting Login Service...
Oct 18 21:38:24 archlnx avahi-daemon[539]: Found user 'avahi' (UID 977) and group 'avahi' (GID 977).
Oct 18 21:38:24 archlnx avahi-daemon[539]: Successfully dropped root privileges.
Oct 18 21:38:24 archlnx avahi-daemon[539]: avahi-daemon 0.7 starting up.
Oct 18 21:38:24 archlnx avahi-daemon[539]: WARNING: No NSS support for mDNS detected, consider installing nss-mdns!
Oct 18 21:38:24 archlnx avahi-daemon[539]: Successfully called chroot().
Oct 18 21:38:24 archlnx avahi-daemon[539]: Successfully dropped remaining capabilities.
Oct 18 21:38:24 archlnx systemd[1]: Started Avahi mDNS/DNS-SD Stack.
Oct 18 21:38:24 archlnx avahi-daemon[539]: No service file found in /etc/avahi/services.
Oct 18 21:38:24 archlnx audit[1]: SERVICE_START pid=1 uid=0 auid=4294967295 ses=4294967295 msg='unit=avahi-daemon comm="systemd" exe="/usr/lib/systemd/systemd" hostname=? addr=? terminal=? res=success'
Oct 18 21:38:24 archlnx avahi-daemon[539]: Network interface enumeration completed.
Oct 18 21:38:24 archlnx avahi-daemon[539]: Server startup complete. Host name is archlnx.local. Local service cookie is 2317219125.
Oct 18 21:38:24 archlnx NetworkManager[541]: <info>  [1571427504.3261] NetworkManager (version 1.20.4-1) is starting... (for the first time)
Oct 18 21:38:24 archlnx NetworkManager[541]: <info>  [1571427504.3262] Read config: /etc/NetworkManager/NetworkManager.conf (lib: 20-connectivity.conf)
Oct 18 21:38:24 archlnx systemd[1]: Started Network Manager.
Oct 18 21:38:24 archlnx NetworkManager[541]: <info>  [1571427504.3295] bus-manager: acquired D-Bus service "org.freedesktop.NetworkManager"
Oct 18 21:38:24 archlnx systemd[1]: Reached target Network.
Oct 18 21:38:24 archlnx systemd[1]: Starting CUPS Scheduler...
Oct 18 21:38:24 archlnx audit[1]: SERVICE_START pid=1 uid=0 auid=4294967295 ses=4294967295 msg='unit=NetworkManager comm="systemd" exe="/usr/lib/systemd/systemd" hostname=? addr=? terminal=? res=success'
Oct 18 21:38:24 archlnx systemd[1]: Starting Permit User Sessions...
Oct 18 21:38:24 archlnx acpid[538]: starting up with netlink and the input layer
Oct 18 21:38:24 archlnx acpid[538]: 1 rule loaded
Oct 18 21:38:24 archlnx acpid[538]: waiting for events: event logging is off
Oct 18 21:38:24 archlnx systemd[1]: Started Permit User Sessions.
Oct 18 21:38:24 archlnx audit[1]: SERVICE_START pid=1 uid=0 auid=4294967295 ses=4294967295 msg='unit=systemd-user-sessions comm="systemd" exe="/usr/lib/systemd/systemd" hostname=? addr=? terminal=? res=success'
Oct 18 21:38:24 archlnx systemd[1]: Starting GNOME Display Manager...
Oct 18 21:38:24 archlnx NetworkManager[541]: <info>  [1571427504.3490] manager[0x5610f34ea0f0]: monitoring kernel firmware directory '/lib/firmware'.
Oct 18 21:38:24 archlnx dbus-daemon[540]: [system] Activating via systemd: service name='org.freedesktop.hostname1' unit='dbus-org.freedesktop.hostname1.service' requested by ':1.14' (uid=0 pid=541 comm="/usr/bin/NetworkManager --no-daemon ")
Oct 18 21:38:24 archlnx systemd[1]: Starting Hostname Service...
Oct 18 21:38:24 archlnx systemd[1]: Started GNOME Display Manager.
Oct 18 21:38:24 archlnx audit[1]: SERVICE_START pid=1 uid=0 auid=4294967295 ses=4294967295 msg='unit=gdm comm="systemd" exe="/usr/lib/systemd/systemd" hostname=? addr=? terminal=? res=success'
Oct 18 21:38:24 archlnx dbus-daemon[540]: [system] Activating via systemd: service name='org.freedesktop.login1' unit='dbus-org.freedesktop.login1.service' requested by ':1.15' (uid=0 pid=548 comm="/usr/bin/gdm ")
Oct 18 21:38:24 archlnx systemd[1]: Started CUPS Scheduler.
Oct 18 21:38:24 archlnx audit[1]: SERVICE_START pid=1 uid=0 auid=4294967295 ses=4294967295 msg='unit=org.cups.cupsd comm="systemd" exe="/usr/lib/systemd/systemd" hostname=? addr=? terminal=? res=success'
Oct 18 21:38:24 archlnx kernel: [drm] ib test on ring 1 succeeded in 0 usecs
Oct 18 21:38:24 archlnx kernel: [drm] ib test on ring 2 succeeded in 0 usecs
Oct 18 21:38:24 archlnx kernel: [drm] ib test on ring 3 succeeded in 0 usecs
Oct 18 21:38:24 archlnx kernel: [drm] ib test on ring 4 succeeded in 0 usecs
Oct 18 21:38:25 archlnx dbus-daemon[540]: [system] Successfully activated service 'org.freedesktop.hostname1'
Oct 18 21:38:25 archlnx systemd[1]: Started Hostname Service.
Oct 18 21:38:25 archlnx audit[1]: SERVICE_START pid=1 uid=0 auid=4294967295 ses=4294967295 msg='unit=systemd-hostnamed comm="systemd" exe="/usr/lib/systemd/systemd" hostname=? addr=? terminal=? res=success'
Oct 18 21:38:25 archlnx NetworkManager[541]: <info>  [1571427505.0938] hostname: hostname: using hostnamed
Oct 18 21:38:25 archlnx NetworkManager[541]: <info>  [1571427505.0939] hostname: hostname changed from (none) to "archlnx"
Oct 18 21:38:25 archlnx NetworkManager[541]: <info>  [1571427505.0944] dns-mgr[0x5610f34a5240]: init: dns=default,systemd-resolved rc-manager=symlink
Oct 18 21:38:25 archlnx NetworkManager[541]: <info>  [1571427505.0961] rfkill3: found Wi-Fi radio killswitch (at /sys/devices/pci0000:00/0000:00:03.3/0000:03:00.0/ieee80211/phy0/rfkill3) (driver rtl8723be)
Oct 18 21:38:25 archlnx NetworkManager[541]: <info>  [1571427505.0965] rfkill0: found Wi-Fi radio killswitch (at /sys/devices/pci0000:00/0000:00:14.3/PNP0C09:00/VPC2004:00/rfkill/rfkill0) (platform driver ideapad_acpi)
Oct 18 21:38:25 archlnx NetworkManager[541]: <info>  [1571427505.1052] manager[0x5610f34ea0f0]: rfkill: Wi-Fi hardware radio set enabled
